{
    "-profile test": {
        "content": [
            238,
            {
                "BCFTOOLS_STATS": {
                    "bcftools": 1.2
                },
                "EPYTOPE_VARIANT_PREDICTION": {
                    "python": "3.7.12",
                    "epytope": "3.3.1",
                    "pandas": "1.3.5",
                    "pyvcf": "1.0.3"
                },
                "GUNZIP_VCF": {
                    "gunzip": 1.13
                },
                "MERGE_PREDICTIONS": {
                    "argparse": 1.1,
                    "pandas": "2.1.0",
                    "mhcgnomes": "1.8.6"
                },
                "MHCNUGGETS": {
                    "argparse": 1.1,
                    "pandas": "1.1.5"
                },
                "mhcnuggets": "2.4.0",
                "SNPSIFT_SPLIT": {
                    "snpsift": 4.3
                },
                "SPLIT_PEPTIDES": {
                    "python": "3.11.10"
                },
                "SUMMARIZE_RESULTS": {
                    "python": "3.11.5"
                },
                "Workflow": {
                    "nf-core/epitopeprediction": "v3.0.0"
                }
            },
            [
                "epytope",
                "epytope/sample1_variants.chr1.tsv",
                "epytope/sample1_variants.chr10.tsv",
                "epytope/sample1_variants.chr11.tsv",
                "epytope/sample1_variants.chr12.tsv",
                "epytope/sample1_variants.chr13.tsv",
                "epytope/sample1_variants.chr14.tsv",
                "epytope/sample1_variants.chr15.tsv",
                "epytope/sample1_variants.chr16.tsv",
                "epytope/sample1_variants.chr17.tsv",
                "epytope/sample1_variants.chr18.tsv",
                "epytope/sample1_variants.chr19.tsv",
                "epytope/sample1_variants.chr2.tsv",
                "epytope/sample1_variants.chr20.tsv",
                "epytope/sample1_variants.chr21.tsv",
                "epytope/sample1_variants.chr22.tsv",
                "epytope/sample1_variants.chr3.tsv",
                "epytope/sample1_variants.chr4.tsv",
                "epytope/sample1_variants.chr5.tsv",
                "epytope/sample1_variants.chr6.tsv",
                "epytope/sample1_variants.chr7.tsv",
                "epytope/sample1_variants.chr8.tsv",
                "epytope/sample1_variants.chr9.tsv",
                "epytope/sample1_variants.chrX.tsv",
                "epytope/sample2_variants.chr1.tsv",
                "epytope/sample2_variants.chr10.tsv",
                "epytope/sample2_variants.chr11.tsv",
                "epytope/sample2_variants.chr12.tsv",
                "epytope/sample2_variants.chr13.tsv",
                "epytope/sample2_variants.chr14.tsv",
                "epytope/sample2_variants.chr15.tsv",
                "epytope/sample2_variants.chr16.tsv",
                "epytope/sample2_variants.chr17.tsv",
                "epytope/sample2_variants.chr18.tsv",
                "epytope/sample2_variants.chr19.tsv",
                "epytope/sample2_variants.chr2.tsv",
                "epytope/sample2_variants.chr20.tsv",
                "epytope/sample2_variants.chr21.tsv",
                "epytope/sample2_variants.chr22.tsv",
                "epytope/sample2_variants.chr3.tsv",
                "epytope/sample2_variants.chr4.tsv",
                "epytope/sample2_variants.chr5.tsv",
                "epytope/sample2_variants.chr6.tsv",
                "epytope/sample2_variants.chr7.tsv",
                "epytope/sample2_variants.chr8.tsv",
                "epytope/sample2_variants.chr9.tsv",
                "epytope/sample2_variants.chrX.tsv",
                "mhcnuggets",
                "mhcnuggets/sample1_sample1_variants_chr10_chunk_0_predicted_mhcnuggets.csv",
                "mhcnuggets/sample1_sample1_variants_chr11_chunk_0_predicted_mhcnuggets.csv",
                "mhcnuggets/sample1_sample1_variants_chr12_chunk_0_predicted_mhcnuggets.csv",
                "mhcnuggets/sample1_sample1_variants_chr13_chunk_0_predicted_mhcnuggets.csv",
                "mhcnuggets/sample1_sample1_variants_chr14_chunk_0_predicted_mhcnuggets.csv",
                "mhcnuggets/sample1_sample1_variants_chr15_chunk_0_predicted_mhcnuggets.csv",
                "mhcnuggets/sample1_sample1_variants_chr16_chunk_0_predicted_mhcnuggets.csv",
                "mhcnuggets/sample1_sample1_variants_chr17_chunk_0_predicted_mhcnuggets.csv",
                "mhcnuggets/sample1_sample1_variants_chr18_chunk_0_predicted_mhcnuggets.csv",
                "mhcnuggets/sample1_sample1_variants_chr19_chunk_0_predicted_mhcnuggets.csv",
                "mhcnuggets/sample1_sample1_variants_chr1_chunk_0_predicted_mhcnuggets.csv",
                "mhcnuggets/sample1_sample1_variants_chr20_chunk_0_predicted_mhcnuggets.csv",
                "mhcnuggets/sample1_sample1_variants_chr21_chunk_0_predicted_mhcnuggets.csv",
                "mhcnuggets/sample1_sample1_variants_chr22_chunk_0_predicted_mhcnuggets.csv",
                "mhcnuggets/sample1_sample1_variants_chr2_chunk_0_predicted_mhcnuggets.csv",
                "mhcnuggets/sample1_sample1_variants_chr3_chunk_0_predicted_mhcnuggets.csv",
                "mhcnuggets/sample1_sample1_variants_chr4_chunk_0_predicted_mhcnuggets.csv",
                "mhcnuggets/sample1_sample1_variants_chr5_chunk_0_predicted_mhcnuggets.csv",
                "mhcnuggets/sample1_sample1_variants_chr6_chunk_0_predicted_mhcnuggets.csv",
                "mhcnuggets/sample1_sample1_variants_chr7_chunk_0_predicted_mhcnuggets.csv",
                "mhcnuggets/sample1_sample1_variants_chr8_chunk_0_predicted_mhcnuggets.csv",
                "mhcnuggets/sample1_sample1_variants_chr9_chunk_0_predicted_mhcnuggets.csv",
                "mhcnuggets/sample1_sample1_variants_chrX_chunk_0_predicted_mhcnuggets.csv",
                "mhcnuggets/sample2_sample2_variants_chr10_chunk_0_predicted_mhcnuggets.csv",
                "mhcnuggets/sample2_sample2_variants_chr11_chunk_0_predicted_mhcnuggets.csv",
                "mhcnuggets/sample2_sample2_variants_chr12_chunk_0_predicted_mhcnuggets.csv",
                "mhcnuggets/sample2_sample2_variants_chr13_chunk_0_predicted_mhcnuggets.csv",
                "mhcnuggets/sample2_sample2_variants_chr14_chunk_0_predicted_mhcnuggets.csv",
                "mhcnuggets/sample2_sample2_variants_chr15_chunk_0_predicted_mhcnuggets.csv",
                "mhcnuggets/sample2_sample2_variants_chr16_chunk_0_predicted_mhcnuggets.csv",
                "mhcnuggets/sample2_sample2_variants_chr17_chunk_0_predicted_mhcnuggets.csv",
                "mhcnuggets/sample2_sample2_variants_chr18_chunk_0_predicted_mhcnuggets.csv",
                "mhcnuggets/sample2_sample2_variants_chr19_chunk_0_predicted_mhcnuggets.csv",
                "mhcnuggets/sample2_sample2_variants_chr1_chunk_0_predicted_mhcnuggets.csv",
                "mhcnuggets/sample2_sample2_variants_chr20_chunk_0_predicted_mhcnuggets.csv",
                "mhcnuggets/sample2_sample2_variants_chr21_chunk_0_predicted_mhcnuggets.csv",
                "mhcnuggets/sample2_sample2_variants_chr22_chunk_0_predicted_mhcnuggets.csv",
                "mhcnuggets/sample2_sample2_variants_chr2_chunk_0_predicted_mhcnuggets.csv",
                "mhcnuggets/sample2_sample2_variants_chr3_chunk_0_predicted_mhcnuggets.csv",
                "mhcnuggets/sample2_sample2_variants_chr4_chunk_0_predicted_mhcnuggets.csv",
                "mhcnuggets/sample2_sample2_variants_chr5_chunk_0_predicted_mhcnuggets.csv",
                "mhcnuggets/sample2_sample2_variants_chr6_chunk_0_predicted_mhcnuggets.csv",
                "mhcnuggets/sample2_sample2_variants_chr7_chunk_0_predicted_mhcnuggets.csv",
                "mhcnuggets/sample2_sample2_variants_chr8_chunk_0_predicted_mhcnuggets.csv",
                "mhcnuggets/sample2_sample2_variants_chr9_chunk_0_predicted_mhcnuggets.csv",
                "mhcnuggets/sample2_sample2_variants_chrX_chunk_0_predicted_mhcnuggets.csv",
                "multiqc",
                "multiqc/multiqc_data",
                "multiqc/multiqc_data/BETA-multiqc.parquet",
                "multiqc/multiqc_data/bcftools-stats-subtypes.txt",
                "multiqc/multiqc_data/bcftools_stats_indel-lengths.txt",
                "multiqc/multiqc_data/bcftools_stats_vqc_Count_Indels.txt",
                "multiqc/multiqc_data/bcftools_stats_vqc_Count_SNP.txt",
                "multiqc/multiqc_data/bcftools_stats_vqc_Count_Transitions.txt",
                "multiqc/multiqc_data/bcftools_stats_vqc_Count_Transversions.txt",
                "multiqc/multiqc_data/multiqc.log",
                "multiqc/multiqc_data/multiqc_bcftools_stats.txt",
                "multiqc/multiqc_data/multiqc_binder_length_distribution.txt",
                "multiqc/multiqc_data/multiqc_binder_rank_distribution.txt",
                "multiqc/multiqc_data/multiqc_binding_affinity_distribution.txt",
                "multiqc/multiqc_data/multiqc_citations.txt",
                "multiqc/multiqc_data/multiqc_data.json",
                "multiqc/multiqc_data/multiqc_general_stats.txt",
                "multiqc/multiqc_data/multiqc_peptide_binding_prediction_stats.txt",
                "multiqc/multiqc_data/multiqc_software_versions.txt",
                "multiqc/multiqc_data/multiqc_sources.txt",
                "multiqc/multiqc_plots",
                "multiqc/multiqc_plots/pdf",
                "multiqc/multiqc_plots/pdf/bcftools-stats-subtypes-cnt.pdf",
                "multiqc/multiqc_plots/pdf/bcftools-stats-subtypes-pct.pdf",
                "multiqc/multiqc_plots/pdf/bcftools_stats_indel-lengths-cnt.pdf",
                "multiqc/multiqc_plots/pdf/bcftools_stats_indel-lengths-log.pdf",
                "multiqc/multiqc_plots/pdf/bcftools_stats_vqc_Count_Indels.pdf",
                "multiqc/multiqc_plots/pdf/bcftools_stats_vqc_Count_SNP.pdf",
                "multiqc/multiqc_plots/pdf/bcftools_stats_vqc_Count_Transitions.pdf",
                "multiqc/multiqc_plots/pdf/bcftools_stats_vqc_Count_Transversions.pdf",
                "multiqc/multiqc_plots/pdf/binder_length_distribution.pdf",
                "multiqc/multiqc_plots/pdf/binder_rank_distribution.pdf",
                "multiqc/multiqc_plots/pdf/binding_affinity_distribution.pdf",
                "multiqc/multiqc_plots/pdf/peptide_binding_prediction_stats.pdf",
                "multiqc/multiqc_plots/png",
                "multiqc/multiqc_plots/png/bcftools-stats-subtypes-cnt.png",
                "multiqc/multiqc_plots/png/bcftools-stats-subtypes-pct.png",
                "multiqc/multiqc_plots/png/bcftools_stats_indel-lengths-cnt.png",
                "multiqc/multiqc_plots/png/bcftools_stats_indel-lengths-log.png",
                "multiqc/multiqc_plots/png/bcftools_stats_vqc_Count_Indels.png",
                "multiqc/multiqc_plots/png/bcftools_stats_vqc_Count_SNP.png",
                "multiqc/multiqc_plots/png/bcftools_stats_vqc_Count_Transitions.png",
                "multiqc/multiqc_plots/png/bcftools_stats_vqc_Count_Transversions.png",
                "multiqc/multiqc_plots/png/binder_length_distribution.png",
                "multiqc/multiqc_plots/png/binder_rank_distribution.png",
                "multiqc/multiqc_plots/png/binding_affinity_distribution.png",
                "multiqc/multiqc_plots/png/peptide_binding_prediction_stats.png",
                "multiqc/multiqc_plots/svg",
                "multiqc/multiqc_plots/svg/bcftools-stats-subtypes-cnt.svg",
                "multiqc/multiqc_plots/svg/bcftools-stats-subtypes-pct.svg",
                "multiqc/multiqc_plots/svg/bcftools_stats_indel-lengths-cnt.svg",
                "multiqc/multiqc_plots/svg/bcftools_stats_indel-lengths-log.svg",
                "multiqc/multiqc_plots/svg/bcftools_stats_vqc_Count_Indels.svg",
                "multiqc/multiqc_plots/svg/bcftools_stats_vqc_Count_SNP.svg",
                "multiqc/multiqc_plots/svg/bcftools_stats_vqc_Count_Transitions.svg",
                "multiqc/multiqc_plots/svg/bcftools_stats_vqc_Count_Transversions.svg",
                "multiqc/multiqc_plots/svg/binder_length_distribution.svg",
                "multiqc/multiqc_plots/svg/binder_rank_distribution.svg",
                "multiqc/multiqc_plots/svg/binding_affinity_distribution.svg",
                "multiqc/multiqc_plots/svg/peptide_binding_prediction_stats.svg",
                "multiqc/multiqc_report.html",
                "pipeline_info",
                "pipeline_info/nf_core_epitopeprediction_software_mqc_versions.yml",
                "predictions",
                "predictions/sample1.tsv",
                "predictions/sample2.tsv"
            ],
            [
                "sample1_variants.chr1.tsv:md5,b4eac32c4b4b2f96b9b35d6cbb97b0e1",
                "sample1_variants.chr10.tsv:md5,6f910571c3d97261bc375dd1949dd7b5",
                "sample1_variants.chr11.tsv:md5,38beb086582676c486f707e658831800",
                "sample1_variants.chr12.tsv:md5,51ca0513528d46cd0db645f0aeacb486",
                "sample1_variants.chr13.tsv:md5,85ee93d4b91a76ca6b74e80915c9dec7",
                "sample1_variants.chr14.tsv:md5,df3989f3fccba3dc42243c755a011d55",
                "sample1_variants.chr15.tsv:md5,ecb4d79e8b07b5afba2313b1fd766e48",
                "sample1_variants.chr16.tsv:md5,b0cc54becd4988eed04e6ca5c500c9ea",
                "sample1_variants.chr17.tsv:md5,0182fb085d517f168286020ad1400509",
                "sample1_variants.chr18.tsv:md5,6d9d874e8adbd1545f3c549936ed71fa",
                "sample1_variants.chr19.tsv:md5,0199868d1690b06c8e6f287b11c61102",
                "sample1_variants.chr2.tsv:md5,cfc02cb7f7640fa20b12e568d769034a",
                "sample1_variants.chr20.tsv:md5,fc274d8fa7a157b7f98021df3caf9b93",
                "sample1_variants.chr21.tsv:md5,38fedc830ddc08354cbea9e54856560a",
                "sample1_variants.chr22.tsv:md5,7b0cc211bb058237e81404883b92cd06",
                "sample1_variants.chr3.tsv:md5,9cf3dd8149be5b3065a89b5c18f9641f",
                "sample1_variants.chr4.tsv:md5,d9b96b2032f6da0fcc829a76015791b0",
                "sample1_variants.chr5.tsv:md5,187c433eff2639ae7ed4ed9c7f53c87d",
                "sample1_variants.chr6.tsv:md5,e4c51cb040a0df6c56dc0c9ccc399c86",
                "sample1_variants.chr7.tsv:md5,033099705361fedc5ce3e3167a6df1db",
                "sample1_variants.chr8.tsv:md5,c82eba5ffd7c41e3919e45d5d567665a",
                "sample1_variants.chr9.tsv:md5,0e3628eb4b03992159b07ec4a3518710",
                "sample1_variants.chrX.tsv:md5,e55fd5a34f0290773489c86c842986f4",
                "sample2_variants.chr1.tsv:md5,77fc8fc2cc8815477d948c9670c6d364",
                "sample2_variants.chr10.tsv:md5,910e1771aa6c1318bd0f76778e1a1529",
                "sample2_variants.chr11.tsv:md5,01daef43ac18b14f4d514afdc0d3894d",
                "sample2_variants.chr12.tsv:md5,46508c96bff19d2a59062b4c44573ef5",
                "sample2_variants.chr13.tsv:md5,152ea774b0e4608d74700a26cd3338b4",
                "sample2_variants.chr14.tsv:md5,6cf794f8d3718ec818232d9fd96b24eb",
                "sample2_variants.chr15.tsv:md5,051846b9a34fbb4b64577917f780f16b",
                "sample2_variants.chr16.tsv:md5,cbe4b997bcaf70704ee2d2237139d0be",
                "sample2_variants.chr17.tsv:md5,86e89dd00c02736a316a2064ccb70302",
                "sample2_variants.chr18.tsv:md5,90b0788a952b3b12511696b447f05a2e",
                "sample2_variants.chr19.tsv:md5,fa634acbc915aa54c927a2678aeb0e51",
                "sample2_variants.chr2.tsv:md5,b4af0700f702d876cf5941b0ef75c586",
                "sample2_variants.chr20.tsv:md5,36fdd2a2baa7d14dcd89b51983f385c9",
                "sample2_variants.chr21.tsv:md5,11b72f3cb7bd7d42467dfd3e10ece54e",
                "sample2_variants.chr22.tsv:md5,55e333e7d41ffc78d9d360899c152a07",
                "sample2_variants.chr3.tsv:md5,b9a704b27c4d197711d39bca494becf2",
                "sample2_variants.chr4.tsv:md5,74e748ae404ac089b52c0a6f4890e309",
                "sample2_variants.chr5.tsv:md5,a31dc5d429c1e022b80db9bd0c0e1e13",
                "sample2_variants.chr6.tsv:md5,170525830d72bf766a558d82baf0eda7",
                "sample2_variants.chr7.tsv:md5,cf6f01dc3bc00a69c895b272e7e23f56",
                "sample2_variants.chr8.tsv:md5,9f78092a794e91784780375b41b2d39b",
                "sample2_variants.chr9.tsv:md5,1da3507762e5a3436f93d5d228f690c4",
                "sample2_variants.chrX.tsv:md5,9d8b10e89d025d20501d10f7704cbb9e",
                "sample1_sample1_variants_chr10_chunk_0_predicted_mhcnuggets.csv:md5,c5542353a60c91eedaa138d51ea16229",
                "sample1_sample1_variants_chr11_chunk_0_predicted_mhcnuggets.csv:md5,7644a31da81f531b29fc80e3259d87d7",
                "sample1_sample1_variants_chr12_chunk_0_predicted_mhcnuggets.csv:md5,22762298d05ee942b6a0ad8a0b755e7e",
                "sample1_sample1_variants_chr13_chunk_0_predicted_mhcnuggets.csv:md5,150a5e2087e9611a2a14aa82f5d4cf4a",
                "sample1_sample1_variants_chr14_chunk_0_predicted_mhcnuggets.csv:md5,e056cd83e11e064b02e845d8d2c79bc2",
                "sample1_sample1_variants_chr15_chunk_0_predicted_mhcnuggets.csv:md5,9f33bd8c08f1800b4b66ef572d732bb7",
                "sample1_sample1_variants_chr16_chunk_0_predicted_mhcnuggets.csv:md5,d01f362c648c20c6ac834db69a21fc4d",
                "sample1_sample1_variants_chr17_chunk_0_predicted_mhcnuggets.csv:md5,13442b8650f2b15224fbe763094d4ef0",
                "sample1_sample1_variants_chr18_chunk_0_predicted_mhcnuggets.csv:md5,d3ae5ab6196e4c9e36d075530545d190",
                "sample1_sample1_variants_chr19_chunk_0_predicted_mhcnuggets.csv:md5,a5e1d47db8b2b364a0c081dfcfba5b17",
                "sample1_sample1_variants_chr1_chunk_0_predicted_mhcnuggets.csv:md5,b1b19f73c20f401d1eae6ec54a37e07b",
                "sample1_sample1_variants_chr20_chunk_0_predicted_mhcnuggets.csv:md5,10fd09dd0753b248ca6c178900396281",
                "sample1_sample1_variants_chr21_chunk_0_predicted_mhcnuggets.csv:md5,c2cc2842ab36928b6a3c4146f3e5821c",
                "sample1_sample1_variants_chr22_chunk_0_predicted_mhcnuggets.csv:md5,26488d959a3bd108cd453ace455b607b",
                "sample1_sample1_variants_chr2_chunk_0_predicted_mhcnuggets.csv:md5,0cfceed22ea59395348dfba2e0511a26",
                "sample1_sample1_variants_chr3_chunk_0_predicted_mhcnuggets.csv:md5,fa6f153e6ff88479cc10c721fbfeed0b",
                "sample1_sample1_variants_chr4_chunk_0_predicted_mhcnuggets.csv:md5,00fc6d15ec0f88b98495c76a6f236c29",
                "sample1_sample1_variants_chr5_chunk_0_predicted_mhcnuggets.csv:md5,93570ffb65132d45b7672866d0156fbc",
                "sample1_sample1_variants_chr6_chunk_0_predicted_mhcnuggets.csv:md5,47afd080d1e545451e47eff0adc3df52",
                "sample1_sample1_variants_chr7_chunk_0_predicted_mhcnuggets.csv:md5,418335cd91d2d460ed72d57acedcf60b",
                "sample1_sample1_variants_chr8_chunk_0_predicted_mhcnuggets.csv:md5,ec36158fa5ef8cfef470e2abb6e2ae65",
                "sample1_sample1_variants_chr9_chunk_0_predicted_mhcnuggets.csv:md5,420789c7571b44a7ef8427c8ad0134d5",
                "sample1_sample1_variants_chrX_chunk_0_predicted_mhcnuggets.csv:md5,459937c363632fd7565a5dc2fa7e9f71",
                "sample2_sample2_variants_chr10_chunk_0_predicted_mhcnuggets.csv:md5,c5542353a60c91eedaa138d51ea16229",
                "sample2_sample2_variants_chr11_chunk_0_predicted_mhcnuggets.csv:md5,7644a31da81f531b29fc80e3259d87d7",
                "sample2_sample2_variants_chr12_chunk_0_predicted_mhcnuggets.csv:md5,22762298d05ee942b6a0ad8a0b755e7e",
                "sample2_sample2_variants_chr13_chunk_0_predicted_mhcnuggets.csv:md5,150a5e2087e9611a2a14aa82f5d4cf4a",
                "sample2_sample2_variants_chr14_chunk_0_predicted_mhcnuggets.csv:md5,e056cd83e11e064b02e845d8d2c79bc2",
                "sample2_sample2_variants_chr15_chunk_0_predicted_mhcnuggets.csv:md5,9f33bd8c08f1800b4b66ef572d732bb7",
                "sample2_sample2_variants_chr16_chunk_0_predicted_mhcnuggets.csv:md5,d01f362c648c20c6ac834db69a21fc4d",
                "sample2_sample2_variants_chr17_chunk_0_predicted_mhcnuggets.csv:md5,13442b8650f2b15224fbe763094d4ef0",
                "sample2_sample2_variants_chr18_chunk_0_predicted_mhcnuggets.csv:md5,d3ae5ab6196e4c9e36d075530545d190",
                "sample2_sample2_variants_chr19_chunk_0_predicted_mhcnuggets.csv:md5,a5e1d47db8b2b364a0c081dfcfba5b17",
                "sample2_sample2_variants_chr1_chunk_0_predicted_mhcnuggets.csv:md5,b1b19f73c20f401d1eae6ec54a37e07b",
                "sample2_sample2_variants_chr20_chunk_0_predicted_mhcnuggets.csv:md5,10fd09dd0753b248ca6c178900396281",
                "sample2_sample2_variants_chr21_chunk_0_predicted_mhcnuggets.csv:md5,c2cc2842ab36928b6a3c4146f3e5821c",
                "sample2_sample2_variants_chr22_chunk_0_predicted_mhcnuggets.csv:md5,26488d959a3bd108cd453ace455b607b",
                "sample2_sample2_variants_chr2_chunk_0_predicted_mhcnuggets.csv:md5,0cfceed22ea59395348dfba2e0511a26",
                "sample2_sample2_variants_chr3_chunk_0_predicted_mhcnuggets.csv:md5,fa6f153e6ff88479cc10c721fbfeed0b",
                "sample2_sample2_variants_chr4_chunk_0_predicted_mhcnuggets.csv:md5,00fc6d15ec0f88b98495c76a6f236c29",
                "sample2_sample2_variants_chr5_chunk_0_predicted_mhcnuggets.csv:md5,93570ffb65132d45b7672866d0156fbc",
                "sample2_sample2_variants_chr6_chunk_0_predicted_mhcnuggets.csv:md5,47afd080d1e545451e47eff0adc3df52",
                "sample2_sample2_variants_chr7_chunk_0_predicted_mhcnuggets.csv:md5,418335cd91d2d460ed72d57acedcf60b",
                "sample2_sample2_variants_chr8_chunk_0_predicted_mhcnuggets.csv:md5,ec36158fa5ef8cfef470e2abb6e2ae65",
                "sample2_sample2_variants_chr9_chunk_0_predicted_mhcnuggets.csv:md5,420789c7571b44a7ef8427c8ad0134d5",
                "sample2_sample2_variants_chrX_chunk_0_predicted_mhcnuggets.csv:md5,459937c363632fd7565a5dc2fa7e9f71",
                "bcftools-stats-subtypes.txt:md5,7ab76edfee1837227a5fd26a07ee4156",
                "bcftools_stats_indel-lengths.txt:md5,0f1a580ed6fc7562efc4899b55b632a2",
                "bcftools_stats_vqc_Count_Indels.txt:md5,08abd7baa06e7f5e4fdcb7aa1808f72e",
                "bcftools_stats_vqc_Count_SNP.txt:md5,692895ea53207e747016ea48d72bd511",
                "bcftools_stats_vqc_Count_Transitions.txt:md5,1fb518cf9d032c9cb35ed08bb010660e",
                "bcftools_stats_vqc_Count_Transversions.txt:md5,e301b8c8760fdd149b2e8924d8f9e9b7",
                "multiqc_bcftools_stats.txt:md5,a3aca1d8f180bbbe0053a9210681ca5a",
                "multiqc_binder_length_distribution.txt:md5,9fbb7555888c124b4458791617ced876",
                "multiqc_binder_rank_distribution.txt:md5,0a6ab01f856c295e45128c0d0e58fd6e",
                "multiqc_binding_affinity_distribution.txt:md5,50cb7bb5538c048505e073838340d14c",
                "multiqc_citations.txt:md5,5cbab4ecbe14049d965fd97bd61d252b",
                "multiqc_general_stats.txt:md5,a2861dfd886f449d522e37c92889a474",
                "multiqc_peptide_binding_prediction_stats.txt:md5,a6ae4c99a2f2a4bb158f3f6f909d24c0",
                "sample1.tsv:md5,1ebea9d93d1f36795aac4b2826dbddff",
                "sample2.tsv:md5,f7763c552236919f1d22d933567b67af"
            ]
        ],
        "meta": {
            "nf-test": "0.9.2",
            "nextflow": "25.04.6"
        },
        "timestamp": "2025-07-22T12:39:59.912076245"
    }
}