{
    "-profile test_grch38": {
        "content": [
            238,
            {
                "BCFTOOLS_STATS": {
                    "bcftools": 1.2
                },
                "EPYTOPE_VARIANT_PREDICTION": {
                    "python": "3.7.12",
                    "epytope": "3.3.1",
                    "pandas": "1.3.5",
                    "pyvcf": "1.0.3"
                },
                "GUNZIP_VCF": {
                    "gunzip": 1.13
                },
                "MERGE_PREDICTIONS": {
                    "argparse": 1.1,
                    "pandas": "2.1.0",
                    "mhcgnomes": "1.8.6"
                },
                "MHCNUGGETS": {
                    "argparse": 1.1,
                    "pandas": "1.1.5"
                },
                "mhcnuggets": "2.4.0",
                "SNPSIFT_SPLIT": {
                    "snpsift": 4.3
                },
                "SPLIT_PEPTIDES": {
                    "python": "3.11.10"
                },
                "SUMMARIZE_RESULTS": {
                    "python": "3.11.5"
                },
                "Workflow": {
                    "nf-core/epitopeprediction": "v3.0.0"
                }
            },
            [
                "epytope",
                "epytope/sample1_variants.chr1.tsv",
                "epytope/sample1_variants.chr10.tsv",
                "epytope/sample1_variants.chr11.tsv",
                "epytope/sample1_variants.chr12.tsv",
                "epytope/sample1_variants.chr13.tsv",
                "epytope/sample1_variants.chr14.tsv",
                "epytope/sample1_variants.chr15.tsv",
                "epytope/sample1_variants.chr16.tsv",
                "epytope/sample1_variants.chr17.tsv",
                "epytope/sample1_variants.chr18.tsv",
                "epytope/sample1_variants.chr19.tsv",
                "epytope/sample1_variants.chr2.tsv",
                "epytope/sample1_variants.chr20.tsv",
                "epytope/sample1_variants.chr21.tsv",
                "epytope/sample1_variants.chr22.tsv",
                "epytope/sample1_variants.chr3.tsv",
                "epytope/sample1_variants.chr4.tsv",
                "epytope/sample1_variants.chr5.tsv",
                "epytope/sample1_variants.chr6.tsv",
                "epytope/sample1_variants.chr7.tsv",
                "epytope/sample1_variants.chr8.tsv",
                "epytope/sample1_variants.chr9.tsv",
                "epytope/sample1_variants.chrX.tsv",
                "epytope/sample2_variants.chr1.tsv",
                "epytope/sample2_variants.chr10.tsv",
                "epytope/sample2_variants.chr11.tsv",
                "epytope/sample2_variants.chr12.tsv",
                "epytope/sample2_variants.chr13.tsv",
                "epytope/sample2_variants.chr14.tsv",
                "epytope/sample2_variants.chr15.tsv",
                "epytope/sample2_variants.chr16.tsv",
                "epytope/sample2_variants.chr17.tsv",
                "epytope/sample2_variants.chr18.tsv",
                "epytope/sample2_variants.chr19.tsv",
                "epytope/sample2_variants.chr2.tsv",
                "epytope/sample2_variants.chr20.tsv",
                "epytope/sample2_variants.chr21.tsv",
                "epytope/sample2_variants.chr22.tsv",
                "epytope/sample2_variants.chr3.tsv",
                "epytope/sample2_variants.chr4.tsv",
                "epytope/sample2_variants.chr5.tsv",
                "epytope/sample2_variants.chr6.tsv",
                "epytope/sample2_variants.chr7.tsv",
                "epytope/sample2_variants.chr8.tsv",
                "epytope/sample2_variants.chr9.tsv",
                "epytope/sample2_variants.chrX.tsv",
                "mhcnuggets",
                "mhcnuggets/sample1_sample1_variants_chr10_chunk_0_predicted_mhcnuggets.csv",
                "mhcnuggets/sample1_sample1_variants_chr11_chunk_0_predicted_mhcnuggets.csv",
                "mhcnuggets/sample1_sample1_variants_chr12_chunk_0_predicted_mhcnuggets.csv",
                "mhcnuggets/sample1_sample1_variants_chr13_chunk_0_predicted_mhcnuggets.csv",
                "mhcnuggets/sample1_sample1_variants_chr14_chunk_0_predicted_mhcnuggets.csv",
                "mhcnuggets/sample1_sample1_variants_chr15_chunk_0_predicted_mhcnuggets.csv",
                "mhcnuggets/sample1_sample1_variants_chr16_chunk_0_predicted_mhcnuggets.csv",
                "mhcnuggets/sample1_sample1_variants_chr17_chunk_0_predicted_mhcnuggets.csv",
                "mhcnuggets/sample1_sample1_variants_chr18_chunk_0_predicted_mhcnuggets.csv",
                "mhcnuggets/sample1_sample1_variants_chr19_chunk_0_predicted_mhcnuggets.csv",
                "mhcnuggets/sample1_sample1_variants_chr1_chunk_0_predicted_mhcnuggets.csv",
                "mhcnuggets/sample1_sample1_variants_chr20_chunk_0_predicted_mhcnuggets.csv",
                "mhcnuggets/sample1_sample1_variants_chr21_chunk_0_predicted_mhcnuggets.csv",
                "mhcnuggets/sample1_sample1_variants_chr22_chunk_0_predicted_mhcnuggets.csv",
                "mhcnuggets/sample1_sample1_variants_chr2_chunk_0_predicted_mhcnuggets.csv",
                "mhcnuggets/sample1_sample1_variants_chr3_chunk_0_predicted_mhcnuggets.csv",
                "mhcnuggets/sample1_sample1_variants_chr4_chunk_0_predicted_mhcnuggets.csv",
                "mhcnuggets/sample1_sample1_variants_chr5_chunk_0_predicted_mhcnuggets.csv",
                "mhcnuggets/sample1_sample1_variants_chr6_chunk_0_predicted_mhcnuggets.csv",
                "mhcnuggets/sample1_sample1_variants_chr7_chunk_0_predicted_mhcnuggets.csv",
                "mhcnuggets/sample1_sample1_variants_chr8_chunk_0_predicted_mhcnuggets.csv",
                "mhcnuggets/sample1_sample1_variants_chr9_chunk_0_predicted_mhcnuggets.csv",
                "mhcnuggets/sample1_sample1_variants_chrX_chunk_0_predicted_mhcnuggets.csv",
                "mhcnuggets/sample2_sample2_variants_chr10_chunk_0_predicted_mhcnuggets.csv",
                "mhcnuggets/sample2_sample2_variants_chr11_chunk_0_predicted_mhcnuggets.csv",
                "mhcnuggets/sample2_sample2_variants_chr12_chunk_0_predicted_mhcnuggets.csv",
                "mhcnuggets/sample2_sample2_variants_chr13_chunk_0_predicted_mhcnuggets.csv",
                "mhcnuggets/sample2_sample2_variants_chr14_chunk_0_predicted_mhcnuggets.csv",
                "mhcnuggets/sample2_sample2_variants_chr15_chunk_0_predicted_mhcnuggets.csv",
                "mhcnuggets/sample2_sample2_variants_chr16_chunk_0_predicted_mhcnuggets.csv",
                "mhcnuggets/sample2_sample2_variants_chr17_chunk_0_predicted_mhcnuggets.csv",
                "mhcnuggets/sample2_sample2_variants_chr18_chunk_0_predicted_mhcnuggets.csv",
                "mhcnuggets/sample2_sample2_variants_chr19_chunk_0_predicted_mhcnuggets.csv",
                "mhcnuggets/sample2_sample2_variants_chr1_chunk_0_predicted_mhcnuggets.csv",
                "mhcnuggets/sample2_sample2_variants_chr20_chunk_0_predicted_mhcnuggets.csv",
                "mhcnuggets/sample2_sample2_variants_chr21_chunk_0_predicted_mhcnuggets.csv",
                "mhcnuggets/sample2_sample2_variants_chr22_chunk_0_predicted_mhcnuggets.csv",
                "mhcnuggets/sample2_sample2_variants_chr2_chunk_0_predicted_mhcnuggets.csv",
                "mhcnuggets/sample2_sample2_variants_chr3_chunk_0_predicted_mhcnuggets.csv",
                "mhcnuggets/sample2_sample2_variants_chr4_chunk_0_predicted_mhcnuggets.csv",
                "mhcnuggets/sample2_sample2_variants_chr5_chunk_0_predicted_mhcnuggets.csv",
                "mhcnuggets/sample2_sample2_variants_chr6_chunk_0_predicted_mhcnuggets.csv",
                "mhcnuggets/sample2_sample2_variants_chr7_chunk_0_predicted_mhcnuggets.csv",
                "mhcnuggets/sample2_sample2_variants_chr8_chunk_0_predicted_mhcnuggets.csv",
                "mhcnuggets/sample2_sample2_variants_chr9_chunk_0_predicted_mhcnuggets.csv",
                "mhcnuggets/sample2_sample2_variants_chrX_chunk_0_predicted_mhcnuggets.csv",
                "multiqc",
                "multiqc/multiqc_data",
                "multiqc/multiqc_data/BETA-multiqc.parquet",
                "multiqc/multiqc_data/bcftools-stats-subtypes.txt",
                "multiqc/multiqc_data/bcftools_stats_indel-lengths.txt",
                "multiqc/multiqc_data/bcftools_stats_vqc_Count_Indels.txt",
                "multiqc/multiqc_data/bcftools_stats_vqc_Count_SNP.txt",
                "multiqc/multiqc_data/bcftools_stats_vqc_Count_Transitions.txt",
                "multiqc/multiqc_data/bcftools_stats_vqc_Count_Transversions.txt",
                "multiqc/multiqc_data/multiqc.log",
                "multiqc/multiqc_data/multiqc_bcftools_stats.txt",
                "multiqc/multiqc_data/multiqc_binder_length_distribution.txt",
                "multiqc/multiqc_data/multiqc_binder_rank_distribution.txt",
                "multiqc/multiqc_data/multiqc_binding_affinity_distribution.txt",
                "multiqc/multiqc_data/multiqc_citations.txt",
                "multiqc/multiqc_data/multiqc_data.json",
                "multiqc/multiqc_data/multiqc_general_stats.txt",
                "multiqc/multiqc_data/multiqc_peptide_binding_prediction_stats.txt",
                "multiqc/multiqc_data/multiqc_software_versions.txt",
                "multiqc/multiqc_data/multiqc_sources.txt",
                "multiqc/multiqc_plots",
                "multiqc/multiqc_plots/pdf",
                "multiqc/multiqc_plots/pdf/bcftools-stats-subtypes-cnt.pdf",
                "multiqc/multiqc_plots/pdf/bcftools-stats-subtypes-pct.pdf",
                "multiqc/multiqc_plots/pdf/bcftools_stats_indel-lengths-cnt.pdf",
                "multiqc/multiqc_plots/pdf/bcftools_stats_indel-lengths-log.pdf",
                "multiqc/multiqc_plots/pdf/bcftools_stats_vqc_Count_Indels.pdf",
                "multiqc/multiqc_plots/pdf/bcftools_stats_vqc_Count_SNP.pdf",
                "multiqc/multiqc_plots/pdf/bcftools_stats_vqc_Count_Transitions.pdf",
                "multiqc/multiqc_plots/pdf/bcftools_stats_vqc_Count_Transversions.pdf",
                "multiqc/multiqc_plots/pdf/binder_length_distribution.pdf",
                "multiqc/multiqc_plots/pdf/binder_rank_distribution.pdf",
                "multiqc/multiqc_plots/pdf/binding_affinity_distribution.pdf",
                "multiqc/multiqc_plots/pdf/peptide_binding_prediction_stats.pdf",
                "multiqc/multiqc_plots/png",
                "multiqc/multiqc_plots/png/bcftools-stats-subtypes-cnt.png",
                "multiqc/multiqc_plots/png/bcftools-stats-subtypes-pct.png",
                "multiqc/multiqc_plots/png/bcftools_stats_indel-lengths-cnt.png",
                "multiqc/multiqc_plots/png/bcftools_stats_indel-lengths-log.png",
                "multiqc/multiqc_plots/png/bcftools_stats_vqc_Count_Indels.png",
                "multiqc/multiqc_plots/png/bcftools_stats_vqc_Count_SNP.png",
                "multiqc/multiqc_plots/png/bcftools_stats_vqc_Count_Transitions.png",
                "multiqc/multiqc_plots/png/bcftools_stats_vqc_Count_Transversions.png",
                "multiqc/multiqc_plots/png/binder_length_distribution.png",
                "multiqc/multiqc_plots/png/binder_rank_distribution.png",
                "multiqc/multiqc_plots/png/binding_affinity_distribution.png",
                "multiqc/multiqc_plots/png/peptide_binding_prediction_stats.png",
                "multiqc/multiqc_plots/svg",
                "multiqc/multiqc_plots/svg/bcftools-stats-subtypes-cnt.svg",
                "multiqc/multiqc_plots/svg/bcftools-stats-subtypes-pct.svg",
                "multiqc/multiqc_plots/svg/bcftools_stats_indel-lengths-cnt.svg",
                "multiqc/multiqc_plots/svg/bcftools_stats_indel-lengths-log.svg",
                "multiqc/multiqc_plots/svg/bcftools_stats_vqc_Count_Indels.svg",
                "multiqc/multiqc_plots/svg/bcftools_stats_vqc_Count_SNP.svg",
                "multiqc/multiqc_plots/svg/bcftools_stats_vqc_Count_Transitions.svg",
                "multiqc/multiqc_plots/svg/bcftools_stats_vqc_Count_Transversions.svg",
                "multiqc/multiqc_plots/svg/binder_length_distribution.svg",
                "multiqc/multiqc_plots/svg/binder_rank_distribution.svg",
                "multiqc/multiqc_plots/svg/binding_affinity_distribution.svg",
                "multiqc/multiqc_plots/svg/peptide_binding_prediction_stats.svg",
                "multiqc/multiqc_report.html",
                "pipeline_info",
                "pipeline_info/nf_core_epitopeprediction_software_mqc_versions.yml",
                "predictions",
                "predictions/sample1.tsv",
                "predictions/sample2.tsv"
            ],
            [
                "sample1_variants.chr1.tsv:md5,5543f6a4349e149b703f8f4bcef5f9ac",
                "sample1_variants.chr10.tsv:md5,f80d59561f9076f6449ea2ce9320f307",
                "sample1_variants.chr11.tsv:md5,3746b2c84e5921c2591c28d448b8877d",
                "sample1_variants.chr12.tsv:md5,3a33b17e61638ecfe8894585b0d9122a",
                "sample1_variants.chr13.tsv:md5,25fe9615bb272c6a93997271ac08efad",
                "sample1_variants.chr14.tsv:md5,446eaf8f1c9735cd45e433dd82becd80",
                "sample1_variants.chr15.tsv:md5,1392625165532691e39fd8e7dccfc7a6",
                "sample1_variants.chr16.tsv:md5,5b441c84e3b948ed7aaf2e0f3bd2ca8d",
                "sample1_variants.chr17.tsv:md5,1caf120084efa5de534291d97c3853e7",
                "sample1_variants.chr18.tsv:md5,fe65f8fe32a45070b935d993bac663bd",
                "sample1_variants.chr19.tsv:md5,a719dc1793b42adb87e01d14b111085a",
                "sample1_variants.chr2.tsv:md5,81234b06d1f73eeda8fc30fb088a202c",
                "sample1_variants.chr20.tsv:md5,8774c52608c74a112f4a82476db06c4d",
                "sample1_variants.chr21.tsv:md5,bcca3019bd46c81e8e9355dd22527dae",
                "sample1_variants.chr22.tsv:md5,539f1206229a15041fdc407472b42f5f",
                "sample1_variants.chr3.tsv:md5,456cdfb6dcaea6c26c9fd30ab8514f0b",
                "sample1_variants.chr4.tsv:md5,fe41da87da2df63a597dcc32a8ba174e",
                "sample1_variants.chr5.tsv:md5,48071e1b771852e56e5959653b13e278",
                "sample1_variants.chr6.tsv:md5,d22795d42b1499f033e9be459fa76de9",
                "sample1_variants.chr7.tsv:md5,b29f7923ec2b2df77a59f643ffa3cf59",
                "sample1_variants.chr8.tsv:md5,1b79c8c1cc7f668a6feec42c96ddd201",
                "sample1_variants.chr9.tsv:md5,7db69bd5a55d50031b10eea1ed841942",
                "sample1_variants.chrX.tsv:md5,04331ad18f9ea82430e4a1a47441d866",
                "sample2_variants.chr1.tsv:md5,77b72c71b7cfa27618789ad8b906ca4d",
                "sample2_variants.chr10.tsv:md5,5178214197689dcb216d7cc83140bed3",
                "sample2_variants.chr11.tsv:md5,d4f2bfb069bb4e34ed96d9b5d11d6bbe",
                "sample2_variants.chr12.tsv:md5,96ac3f4a07fe2c37c93fb8353eac0a02",
                "sample2_variants.chr13.tsv:md5,9c7cfb6950bf0550a5871077dbc98dae",
                "sample2_variants.chr14.tsv:md5,c82539af44a4f526db788ac5e07a4281",
                "sample2_variants.chr15.tsv:md5,fc827fbe314c25434a5966bf6db4942c",
                "sample2_variants.chr16.tsv:md5,294428de41af2babfd473b11d872dd0d",
                "sample2_variants.chr17.tsv:md5,7e035f940c8061b2c16562aa6d062794",
                "sample2_variants.chr18.tsv:md5,8618253db467939425f01f57e5a4500d",
                "sample2_variants.chr19.tsv:md5,64669fdf3f82eb00c7bb6f320cc21cfb",
                "sample2_variants.chr2.tsv:md5,ac9b65d2bc0e6ac1ca0f264eb317199f",
                "sample2_variants.chr20.tsv:md5,68b2c2099dd655d11ba3b990a283ee7d",
                "sample2_variants.chr21.tsv:md5,0da3c78c9bee7d3e80a8e09ccf45fbad",
                "sample2_variants.chr22.tsv:md5,3edd55aecf992b53bdd02a63572d0547",
                "sample2_variants.chr3.tsv:md5,a684f5bccd16b33214e561e5c9c73ca3",
                "sample2_variants.chr4.tsv:md5,b93511f3fdd109448f6b5868ac3d5d57",
                "sample2_variants.chr5.tsv:md5,c03a035e15bb4b5c7b8e616a16b28635",
                "sample2_variants.chr6.tsv:md5,59d951fe8adc6baeebaa09f522e18e28",
                "sample2_variants.chr7.tsv:md5,19682d6e16cf91a6c7adb61061e4c2a5",
                "sample2_variants.chr8.tsv:md5,adfcb6e2c3e2913de5eb82d822af04a6",
                "sample2_variants.chr9.tsv:md5,f878d89a11adf04a26a96239e7f0abd9",
                "sample2_variants.chrX.tsv:md5,7835ebb8bd522ae46f132480c79004f8",
                "sample1_sample1_variants_chr10_chunk_0_predicted_mhcnuggets.csv:md5,c5542353a60c91eedaa138d51ea16229",
                "sample1_sample1_variants_chr11_chunk_0_predicted_mhcnuggets.csv:md5,7644a31da81f531b29fc80e3259d87d7",
                "sample1_sample1_variants_chr12_chunk_0_predicted_mhcnuggets.csv:md5,22762298d05ee942b6a0ad8a0b755e7e",
                "sample1_sample1_variants_chr13_chunk_0_predicted_mhcnuggets.csv:md5,150a5e2087e9611a2a14aa82f5d4cf4a",
                "sample1_sample1_variants_chr14_chunk_0_predicted_mhcnuggets.csv:md5,e056cd83e11e064b02e845d8d2c79bc2",
                "sample1_sample1_variants_chr15_chunk_0_predicted_mhcnuggets.csv:md5,9f33bd8c08f1800b4b66ef572d732bb7",
                "sample1_sample1_variants_chr16_chunk_0_predicted_mhcnuggets.csv:md5,d01f362c648c20c6ac834db69a21fc4d",
                "sample1_sample1_variants_chr17_chunk_0_predicted_mhcnuggets.csv:md5,13442b8650f2b15224fbe763094d4ef0",
                "sample1_sample1_variants_chr18_chunk_0_predicted_mhcnuggets.csv:md5,d3ae5ab6196e4c9e36d075530545d190",
                "sample1_sample1_variants_chr19_chunk_0_predicted_mhcnuggets.csv:md5,a5e1d47db8b2b364a0c081dfcfba5b17",
                "sample1_sample1_variants_chr1_chunk_0_predicted_mhcnuggets.csv:md5,b1b19f73c20f401d1eae6ec54a37e07b",
                "sample1_sample1_variants_chr20_chunk_0_predicted_mhcnuggets.csv:md5,10fd09dd0753b248ca6c178900396281",
                "sample1_sample1_variants_chr21_chunk_0_predicted_mhcnuggets.csv:md5,c2cc2842ab36928b6a3c4146f3e5821c",
                "sample1_sample1_variants_chr22_chunk_0_predicted_mhcnuggets.csv:md5,26488d959a3bd108cd453ace455b607b",
                "sample1_sample1_variants_chr2_chunk_0_predicted_mhcnuggets.csv:md5,0cfceed22ea59395348dfba2e0511a26",
                "sample1_sample1_variants_chr3_chunk_0_predicted_mhcnuggets.csv:md5,fa6f153e6ff88479cc10c721fbfeed0b",
                "sample1_sample1_variants_chr4_chunk_0_predicted_mhcnuggets.csv:md5,00fc6d15ec0f88b98495c76a6f236c29",
                "sample1_sample1_variants_chr5_chunk_0_predicted_mhcnuggets.csv:md5,93570ffb65132d45b7672866d0156fbc",
                "sample1_sample1_variants_chr6_chunk_0_predicted_mhcnuggets.csv:md5,47afd080d1e545451e47eff0adc3df52",
                "sample1_sample1_variants_chr7_chunk_0_predicted_mhcnuggets.csv:md5,418335cd91d2d460ed72d57acedcf60b",
                "sample1_sample1_variants_chr8_chunk_0_predicted_mhcnuggets.csv:md5,ec36158fa5ef8cfef470e2abb6e2ae65",
                "sample1_sample1_variants_chr9_chunk_0_predicted_mhcnuggets.csv:md5,420789c7571b44a7ef8427c8ad0134d5",
                "sample1_sample1_variants_chrX_chunk_0_predicted_mhcnuggets.csv:md5,459937c363632fd7565a5dc2fa7e9f71",
                "sample2_sample2_variants_chr10_chunk_0_predicted_mhcnuggets.csv:md5,c5542353a60c91eedaa138d51ea16229",
                "sample2_sample2_variants_chr11_chunk_0_predicted_mhcnuggets.csv:md5,7644a31da81f531b29fc80e3259d87d7",
                "sample2_sample2_variants_chr12_chunk_0_predicted_mhcnuggets.csv:md5,22762298d05ee942b6a0ad8a0b755e7e",
                "sample2_sample2_variants_chr13_chunk_0_predicted_mhcnuggets.csv:md5,150a5e2087e9611a2a14aa82f5d4cf4a",
                "sample2_sample2_variants_chr14_chunk_0_predicted_mhcnuggets.csv:md5,e056cd83e11e064b02e845d8d2c79bc2",
                "sample2_sample2_variants_chr15_chunk_0_predicted_mhcnuggets.csv:md5,9f33bd8c08f1800b4b66ef572d732bb7",
                "sample2_sample2_variants_chr16_chunk_0_predicted_mhcnuggets.csv:md5,d01f362c648c20c6ac834db69a21fc4d",
                "sample2_sample2_variants_chr17_chunk_0_predicted_mhcnuggets.csv:md5,13442b8650f2b15224fbe763094d4ef0",
                "sample2_sample2_variants_chr18_chunk_0_predicted_mhcnuggets.csv:md5,d3ae5ab6196e4c9e36d075530545d190",
                "sample2_sample2_variants_chr19_chunk_0_predicted_mhcnuggets.csv:md5,a5e1d47db8b2b364a0c081dfcfba5b17",
                "sample2_sample2_variants_chr1_chunk_0_predicted_mhcnuggets.csv:md5,b1b19f73c20f401d1eae6ec54a37e07b",
                "sample2_sample2_variants_chr20_chunk_0_predicted_mhcnuggets.csv:md5,10fd09dd0753b248ca6c178900396281",
                "sample2_sample2_variants_chr21_chunk_0_predicted_mhcnuggets.csv:md5,c2cc2842ab36928b6a3c4146f3e5821c",
                "sample2_sample2_variants_chr22_chunk_0_predicted_mhcnuggets.csv:md5,26488d959a3bd108cd453ace455b607b",
                "sample2_sample2_variants_chr2_chunk_0_predicted_mhcnuggets.csv:md5,0cfceed22ea59395348dfba2e0511a26",
                "sample2_sample2_variants_chr3_chunk_0_predicted_mhcnuggets.csv:md5,fa6f153e6ff88479cc10c721fbfeed0b",
                "sample2_sample2_variants_chr4_chunk_0_predicted_mhcnuggets.csv:md5,00fc6d15ec0f88b98495c76a6f236c29",
                "sample2_sample2_variants_chr5_chunk_0_predicted_mhcnuggets.csv:md5,93570ffb65132d45b7672866d0156fbc",
                "sample2_sample2_variants_chr6_chunk_0_predicted_mhcnuggets.csv:md5,47afd080d1e545451e47eff0adc3df52",
                "sample2_sample2_variants_chr7_chunk_0_predicted_mhcnuggets.csv:md5,418335cd91d2d460ed72d57acedcf60b",
                "sample2_sample2_variants_chr8_chunk_0_predicted_mhcnuggets.csv:md5,ec36158fa5ef8cfef470e2abb6e2ae65",
                "sample2_sample2_variants_chr9_chunk_0_predicted_mhcnuggets.csv:md5,420789c7571b44a7ef8427c8ad0134d5",
                "sample2_sample2_variants_chrX_chunk_0_predicted_mhcnuggets.csv:md5,459937c363632fd7565a5dc2fa7e9f71",
                "bcftools-stats-subtypes.txt:md5,7ab76edfee1837227a5fd26a07ee4156",
                "bcftools_stats_indel-lengths.txt:md5,0f1a580ed6fc7562efc4899b55b632a2",
                "bcftools_stats_vqc_Count_Indels.txt:md5,08abd7baa06e7f5e4fdcb7aa1808f72e",
                "bcftools_stats_vqc_Count_SNP.txt:md5,692895ea53207e747016ea48d72bd511",
                "bcftools_stats_vqc_Count_Transitions.txt:md5,1fb518cf9d032c9cb35ed08bb010660e",
                "bcftools_stats_vqc_Count_Transversions.txt:md5,e301b8c8760fdd149b2e8924d8f9e9b7",
                "multiqc_bcftools_stats.txt:md5,a3aca1d8f180bbbe0053a9210681ca5a",
                "multiqc_binder_length_distribution.txt:md5,9fbb7555888c124b4458791617ced876",
                "multiqc_binder_rank_distribution.txt:md5,0a6ab01f856c295e45128c0d0e58fd6e",
                "multiqc_binding_affinity_distribution.txt:md5,50cb7bb5538c048505e073838340d14c",
                "multiqc_citations.txt:md5,5cbab4ecbe14049d965fd97bd61d252b",
                "multiqc_general_stats.txt:md5,a2861dfd886f449d522e37c92889a474",
                "multiqc_peptide_binding_prediction_stats.txt:md5,a6ae4c99a2f2a4bb158f3f6f909d24c0",
                "sample1.tsv:md5,eabbb5084472ba9828a0980dc1de0633",
                "sample2.tsv:md5,0e3c50bd9fb2b75bbe8a3ca2eac11d88"
            ]
        ],
        "meta": {
            "nf-test": "0.9.2",
            "nextflow": "25.04.6"
        },
        "timestamp": "2025-07-22T12:52:44.865677327"
    }
}