{
    "-profile test_mhcnuggets": {
        "content": [
            238,
            {
                "BCFTOOLS_STATS": {
                    "bcftools": 1.2
                },
                "EPYTOPE_VARIANT_PREDICTION": {
                    "python": "3.7.12",
                    "epytope": "3.3.1",
                    "pandas": "1.3.5",
                    "pyvcf": "1.0.3"
                },
                "GUNZIP_VCF": {
                    "gunzip": 1.13
                },
                "MERGE_PREDICTIONS": {
                    "argparse": 1.1,
                    "pandas": "2.1.0",
                    "mhcgnomes": "1.8.6"
                },
                "MHCNUGGETS": {
                    "argparse": 1.1,
                    "pandas": "1.1.5"
                },
                "mhcnuggets": "2.4.0",
                "SNPSIFT_SPLIT": {
                    "snpsift": 4.3
                },
                "SPLIT_PEPTIDES": {
                    "python": "3.11.10"
                },
                "SUMMARIZE_RESULTS": {
                    "python": "3.11.5"
                },
                "Workflow": {
                    "nf-core/epitopeprediction": "v3.0.0"
                }
            },
            [
                "epytope",
                "epytope/sample1_variants.chr1.tsv",
                "epytope/sample1_variants.chr10.tsv",
                "epytope/sample1_variants.chr11.tsv",
                "epytope/sample1_variants.chr12.tsv",
                "epytope/sample1_variants.chr13.tsv",
                "epytope/sample1_variants.chr14.tsv",
                "epytope/sample1_variants.chr15.tsv",
                "epytope/sample1_variants.chr16.tsv",
                "epytope/sample1_variants.chr17.tsv",
                "epytope/sample1_variants.chr18.tsv",
                "epytope/sample1_variants.chr19.tsv",
                "epytope/sample1_variants.chr2.tsv",
                "epytope/sample1_variants.chr20.tsv",
                "epytope/sample1_variants.chr21.tsv",
                "epytope/sample1_variants.chr22.tsv",
                "epytope/sample1_variants.chr3.tsv",
                "epytope/sample1_variants.chr4.tsv",
                "epytope/sample1_variants.chr5.tsv",
                "epytope/sample1_variants.chr6.tsv",
                "epytope/sample1_variants.chr7.tsv",
                "epytope/sample1_variants.chr8.tsv",
                "epytope/sample1_variants.chr9.tsv",
                "epytope/sample1_variants.chrX.tsv",
                "epytope/sample2_variants.chr1.tsv",
                "epytope/sample2_variants.chr10.tsv",
                "epytope/sample2_variants.chr11.tsv",
                "epytope/sample2_variants.chr12.tsv",
                "epytope/sample2_variants.chr13.tsv",
                "epytope/sample2_variants.chr14.tsv",
                "epytope/sample2_variants.chr15.tsv",
                "epytope/sample2_variants.chr16.tsv",
                "epytope/sample2_variants.chr17.tsv",
                "epytope/sample2_variants.chr18.tsv",
                "epytope/sample2_variants.chr19.tsv",
                "epytope/sample2_variants.chr2.tsv",
                "epytope/sample2_variants.chr20.tsv",
                "epytope/sample2_variants.chr21.tsv",
                "epytope/sample2_variants.chr22.tsv",
                "epytope/sample2_variants.chr3.tsv",
                "epytope/sample2_variants.chr4.tsv",
                "epytope/sample2_variants.chr5.tsv",
                "epytope/sample2_variants.chr6.tsv",
                "epytope/sample2_variants.chr7.tsv",
                "epytope/sample2_variants.chr8.tsv",
                "epytope/sample2_variants.chr9.tsv",
                "epytope/sample2_variants.chrX.tsv",
                "mhcnuggets",
                "mhcnuggets/sample1_sample1_variants_chr10_chunk_0_predicted_mhcnuggets.csv",
                "mhcnuggets/sample1_sample1_variants_chr11_chunk_0_predicted_mhcnuggets.csv",
                "mhcnuggets/sample1_sample1_variants_chr12_chunk_0_predicted_mhcnuggets.csv",
                "mhcnuggets/sample1_sample1_variants_chr13_chunk_0_predicted_mhcnuggets.csv",
                "mhcnuggets/sample1_sample1_variants_chr14_chunk_0_predicted_mhcnuggets.csv",
                "mhcnuggets/sample1_sample1_variants_chr15_chunk_0_predicted_mhcnuggets.csv",
                "mhcnuggets/sample1_sample1_variants_chr16_chunk_0_predicted_mhcnuggets.csv",
                "mhcnuggets/sample1_sample1_variants_chr17_chunk_0_predicted_mhcnuggets.csv",
                "mhcnuggets/sample1_sample1_variants_chr18_chunk_0_predicted_mhcnuggets.csv",
                "mhcnuggets/sample1_sample1_variants_chr19_chunk_0_predicted_mhcnuggets.csv",
                "mhcnuggets/sample1_sample1_variants_chr1_chunk_0_predicted_mhcnuggets.csv",
                "mhcnuggets/sample1_sample1_variants_chr20_chunk_0_predicted_mhcnuggets.csv",
                "mhcnuggets/sample1_sample1_variants_chr21_chunk_0_predicted_mhcnuggets.csv",
                "mhcnuggets/sample1_sample1_variants_chr22_chunk_0_predicted_mhcnuggets.csv",
                "mhcnuggets/sample1_sample1_variants_chr2_chunk_0_predicted_mhcnuggets.csv",
                "mhcnuggets/sample1_sample1_variants_chr3_chunk_0_predicted_mhcnuggets.csv",
                "mhcnuggets/sample1_sample1_variants_chr4_chunk_0_predicted_mhcnuggets.csv",
                "mhcnuggets/sample1_sample1_variants_chr5_chunk_0_predicted_mhcnuggets.csv",
                "mhcnuggets/sample1_sample1_variants_chr6_chunk_0_predicted_mhcnuggets.csv",
                "mhcnuggets/sample1_sample1_variants_chr7_chunk_0_predicted_mhcnuggets.csv",
                "mhcnuggets/sample1_sample1_variants_chr8_chunk_0_predicted_mhcnuggets.csv",
                "mhcnuggets/sample1_sample1_variants_chr9_chunk_0_predicted_mhcnuggets.csv",
                "mhcnuggets/sample1_sample1_variants_chrX_chunk_0_predicted_mhcnuggets.csv",
                "mhcnuggets/sample2_sample2_variants_chr10_chunk_0_predicted_mhcnuggets.csv",
                "mhcnuggets/sample2_sample2_variants_chr11_chunk_0_predicted_mhcnuggets.csv",
                "mhcnuggets/sample2_sample2_variants_chr12_chunk_0_predicted_mhcnuggets.csv",
                "mhcnuggets/sample2_sample2_variants_chr13_chunk_0_predicted_mhcnuggets.csv",
                "mhcnuggets/sample2_sample2_variants_chr14_chunk_0_predicted_mhcnuggets.csv",
                "mhcnuggets/sample2_sample2_variants_chr15_chunk_0_predicted_mhcnuggets.csv",
                "mhcnuggets/sample2_sample2_variants_chr16_chunk_0_predicted_mhcnuggets.csv",
                "mhcnuggets/sample2_sample2_variants_chr17_chunk_0_predicted_mhcnuggets.csv",
                "mhcnuggets/sample2_sample2_variants_chr18_chunk_0_predicted_mhcnuggets.csv",
                "mhcnuggets/sample2_sample2_variants_chr19_chunk_0_predicted_mhcnuggets.csv",
                "mhcnuggets/sample2_sample2_variants_chr1_chunk_0_predicted_mhcnuggets.csv",
                "mhcnuggets/sample2_sample2_variants_chr20_chunk_0_predicted_mhcnuggets.csv",
                "mhcnuggets/sample2_sample2_variants_chr21_chunk_0_predicted_mhcnuggets.csv",
                "mhcnuggets/sample2_sample2_variants_chr22_chunk_0_predicted_mhcnuggets.csv",
                "mhcnuggets/sample2_sample2_variants_chr2_chunk_0_predicted_mhcnuggets.csv",
                "mhcnuggets/sample2_sample2_variants_chr3_chunk_0_predicted_mhcnuggets.csv",
                "mhcnuggets/sample2_sample2_variants_chr4_chunk_0_predicted_mhcnuggets.csv",
                "mhcnuggets/sample2_sample2_variants_chr5_chunk_0_predicted_mhcnuggets.csv",
                "mhcnuggets/sample2_sample2_variants_chr6_chunk_0_predicted_mhcnuggets.csv",
                "mhcnuggets/sample2_sample2_variants_chr7_chunk_0_predicted_mhcnuggets.csv",
                "mhcnuggets/sample2_sample2_variants_chr8_chunk_0_predicted_mhcnuggets.csv",
                "mhcnuggets/sample2_sample2_variants_chr9_chunk_0_predicted_mhcnuggets.csv",
                "mhcnuggets/sample2_sample2_variants_chrX_chunk_0_predicted_mhcnuggets.csv",
                "multiqc",
                "multiqc/multiqc_data",
                "multiqc/multiqc_data/BETA-multiqc.parquet",
                "multiqc/multiqc_data/bcftools-stats-subtypes.txt",
                "multiqc/multiqc_data/bcftools_stats_indel-lengths.txt",
                "multiqc/multiqc_data/bcftools_stats_vqc_Count_Indels.txt",
                "multiqc/multiqc_data/bcftools_stats_vqc_Count_SNP.txt",
                "multiqc/multiqc_data/bcftools_stats_vqc_Count_Transitions.txt",
                "multiqc/multiqc_data/bcftools_stats_vqc_Count_Transversions.txt",
                "multiqc/multiqc_data/multiqc.log",
                "multiqc/multiqc_data/multiqc_bcftools_stats.txt",
                "multiqc/multiqc_data/multiqc_binder_length_distribution.txt",
                "multiqc/multiqc_data/multiqc_binder_rank_distribution.txt",
                "multiqc/multiqc_data/multiqc_binding_affinity_distribution.txt",
                "multiqc/multiqc_data/multiqc_citations.txt",
                "multiqc/multiqc_data/multiqc_data.json",
                "multiqc/multiqc_data/multiqc_general_stats.txt",
                "multiqc/multiqc_data/multiqc_peptide_binding_prediction_stats.txt",
                "multiqc/multiqc_data/multiqc_software_versions.txt",
                "multiqc/multiqc_data/multiqc_sources.txt",
                "multiqc/multiqc_plots",
                "multiqc/multiqc_plots/pdf",
                "multiqc/multiqc_plots/pdf/bcftools-stats-subtypes-cnt.pdf",
                "multiqc/multiqc_plots/pdf/bcftools-stats-subtypes-pct.pdf",
                "multiqc/multiqc_plots/pdf/bcftools_stats_indel-lengths-cnt.pdf",
                "multiqc/multiqc_plots/pdf/bcftools_stats_indel-lengths-log.pdf",
                "multiqc/multiqc_plots/pdf/bcftools_stats_vqc_Count_Indels.pdf",
                "multiqc/multiqc_plots/pdf/bcftools_stats_vqc_Count_SNP.pdf",
                "multiqc/multiqc_plots/pdf/bcftools_stats_vqc_Count_Transitions.pdf",
                "multiqc/multiqc_plots/pdf/bcftools_stats_vqc_Count_Transversions.pdf",
                "multiqc/multiqc_plots/pdf/binder_length_distribution.pdf",
                "multiqc/multiqc_plots/pdf/binder_rank_distribution.pdf",
                "multiqc/multiqc_plots/pdf/binding_affinity_distribution.pdf",
                "multiqc/multiqc_plots/pdf/peptide_binding_prediction_stats.pdf",
                "multiqc/multiqc_plots/png",
                "multiqc/multiqc_plots/png/bcftools-stats-subtypes-cnt.png",
                "multiqc/multiqc_plots/png/bcftools-stats-subtypes-pct.png",
                "multiqc/multiqc_plots/png/bcftools_stats_indel-lengths-cnt.png",
                "multiqc/multiqc_plots/png/bcftools_stats_indel-lengths-log.png",
                "multiqc/multiqc_plots/png/bcftools_stats_vqc_Count_Indels.png",
                "multiqc/multiqc_plots/png/bcftools_stats_vqc_Count_SNP.png",
                "multiqc/multiqc_plots/png/bcftools_stats_vqc_Count_Transitions.png",
                "multiqc/multiqc_plots/png/bcftools_stats_vqc_Count_Transversions.png",
                "multiqc/multiqc_plots/png/binder_length_distribution.png",
                "multiqc/multiqc_plots/png/binder_rank_distribution.png",
                "multiqc/multiqc_plots/png/binding_affinity_distribution.png",
                "multiqc/multiqc_plots/png/peptide_binding_prediction_stats.png",
                "multiqc/multiqc_plots/svg",
                "multiqc/multiqc_plots/svg/bcftools-stats-subtypes-cnt.svg",
                "multiqc/multiqc_plots/svg/bcftools-stats-subtypes-pct.svg",
                "multiqc/multiqc_plots/svg/bcftools_stats_indel-lengths-cnt.svg",
                "multiqc/multiqc_plots/svg/bcftools_stats_indel-lengths-log.svg",
                "multiqc/multiqc_plots/svg/bcftools_stats_vqc_Count_Indels.svg",
                "multiqc/multiqc_plots/svg/bcftools_stats_vqc_Count_SNP.svg",
                "multiqc/multiqc_plots/svg/bcftools_stats_vqc_Count_Transitions.svg",
                "multiqc/multiqc_plots/svg/bcftools_stats_vqc_Count_Transversions.svg",
                "multiqc/multiqc_plots/svg/binder_length_distribution.svg",
                "multiqc/multiqc_plots/svg/binder_rank_distribution.svg",
                "multiqc/multiqc_plots/svg/binding_affinity_distribution.svg",
                "multiqc/multiqc_plots/svg/peptide_binding_prediction_stats.svg",
                "multiqc/multiqc_report.html",
                "pipeline_info",
                "pipeline_info/nf_core_epitopeprediction_software_mqc_versions.yml",
                "predictions",
                "predictions/sample1.tsv",
                "predictions/sample2.tsv"
            ],
            [
                "sample1_variants.chr1.tsv:md5,c8676c0e164618bbc7e734d146194d6f",
                "sample1_variants.chr10.tsv:md5,745f8ac5ffa1123293af1ebc81ff0752",
                "sample1_variants.chr11.tsv:md5,092ededb575b32276103e73737465e9b",
                "sample1_variants.chr12.tsv:md5,e1c2f422e7ded502e3e88cacb928c78f",
                "sample1_variants.chr13.tsv:md5,76f4c532e9a34ccc6d3191a4dd7fccf8",
                "sample1_variants.chr14.tsv:md5,b9bb2e5508246fe0c29e4d9b34ef6cf4",
                "sample1_variants.chr15.tsv:md5,f5b517ff5766aa2b541cdaa9d39284e0",
                "sample1_variants.chr16.tsv:md5,f7d7bb290b699bb50c7b2c2d26fd13f6",
                "sample1_variants.chr17.tsv:md5,479632c7dbff717ec14c984b54a24078",
                "sample1_variants.chr18.tsv:md5,60f6fcc80f45f8f2c5549f70f30afd6d",
                "sample1_variants.chr19.tsv:md5,583c5dc60337d46833d4b5a3ac65de45",
                "sample1_variants.chr2.tsv:md5,3bb82ffc63aa284c6518bfa536828283",
                "sample1_variants.chr20.tsv:md5,3b0ba35a2c58f77fd6765e32dc099fe1",
                "sample1_variants.chr21.tsv:md5,b5c351e5ef4dca1c27e33fff0d5c9d33",
                "sample1_variants.chr22.tsv:md5,7d3676976bc9e9b02693fa494add69e6",
                "sample1_variants.chr3.tsv:md5,99adddaa0a184c023d4ad0e6ebf56a83",
                "sample1_variants.chr4.tsv:md5,bc2e74f17f7533fd43a3df555c4bec22",
                "sample1_variants.chr5.tsv:md5,cf64ffd4d25d3cf9686dda1f923cae12",
                "sample1_variants.chr6.tsv:md5,b056892c5a2bfb3e130390c036f5761d",
                "sample1_variants.chr7.tsv:md5,86c90ac8545242a7c3533f66f9f35e7e",
                "sample1_variants.chr8.tsv:md5,7a363f9577a8c2430aa868066b5242cd",
                "sample1_variants.chr9.tsv:md5,35be421c24e95bfdec3ee0f5a06231e0",
                "sample1_variants.chrX.tsv:md5,2c4af54abdc8f07d0902dd4c3a74c738",
                "sample2_variants.chr1.tsv:md5,60c6464c1bf0bfce5840a6013f1b0140",
                "sample2_variants.chr10.tsv:md5,560aa4cb5e0c4b8ad2b3491e5bf7277e",
                "sample2_variants.chr11.tsv:md5,75fd7d6576a728bc8ffa7cc7c83c63d2",
                "sample2_variants.chr12.tsv:md5,d00ea155e5916663718613cf819bf9b4",
                "sample2_variants.chr13.tsv:md5,ca4a2581177681734d293b24c807f10b",
                "sample2_variants.chr14.tsv:md5,e265d5b274179e748e0e836df1369173",
                "sample2_variants.chr15.tsv:md5,60f5baa6f8e83b303dab82914b10842d",
                "sample2_variants.chr16.tsv:md5,5456ec17d5ac227d9c79aaeaf6aacc95",
                "sample2_variants.chr17.tsv:md5,4f959e2dfebd274f05479d5fd068040d",
                "sample2_variants.chr18.tsv:md5,407dda42e7e5ec13f40814c1f2c50ad9",
                "sample2_variants.chr19.tsv:md5,a2a53a7b91ca554f5ee30af248a2616d",
                "sample2_variants.chr2.tsv:md5,093090e444ffadf117293e87e828298f",
                "sample2_variants.chr20.tsv:md5,85c0091ee1ce5369f957a24be69bcb6f",
                "sample2_variants.chr21.tsv:md5,e54f4c06004ac6ec4a9cfe667f07cdc4",
                "sample2_variants.chr22.tsv:md5,56af89dbc4043086a420f99b4b361cc1",
                "sample2_variants.chr3.tsv:md5,2233f9f41c13040d8282f850d4d1f27e",
                "sample2_variants.chr4.tsv:md5,6c5886c2176e7ca710541dea9eb8b6b3",
                "sample2_variants.chr5.tsv:md5,69f9e6e5d8c8a57665be676992b43661",
                "sample2_variants.chr6.tsv:md5,ec5a4c28c5547bd6f3c7e30bf04199cd",
                "sample2_variants.chr7.tsv:md5,a9d3955003fa2a4a68a01ff4480d79d9",
                "sample2_variants.chr8.tsv:md5,60ab108a9382c6969f03f191ae4cdc28",
                "sample2_variants.chr9.tsv:md5,81baf32dd958a8e46134425c2c30fb27",
                "sample2_variants.chrX.tsv:md5,a0976723d2a85122bcfb21bc4fd2c69d",
                "sample1_sample1_variants_chr10_chunk_0_predicted_mhcnuggets.csv:md5,c5542353a60c91eedaa138d51ea16229",
                "sample1_sample1_variants_chr11_chunk_0_predicted_mhcnuggets.csv:md5,7644a31da81f531b29fc80e3259d87d7",
                "sample1_sample1_variants_chr12_chunk_0_predicted_mhcnuggets.csv:md5,22762298d05ee942b6a0ad8a0b755e7e",
                "sample1_sample1_variants_chr13_chunk_0_predicted_mhcnuggets.csv:md5,150a5e2087e9611a2a14aa82f5d4cf4a",
                "sample1_sample1_variants_chr14_chunk_0_predicted_mhcnuggets.csv:md5,e056cd83e11e064b02e845d8d2c79bc2",
                "sample1_sample1_variants_chr15_chunk_0_predicted_mhcnuggets.csv:md5,9f33bd8c08f1800b4b66ef572d732bb7",
                "sample1_sample1_variants_chr16_chunk_0_predicted_mhcnuggets.csv:md5,d01f362c648c20c6ac834db69a21fc4d",
                "sample1_sample1_variants_chr17_chunk_0_predicted_mhcnuggets.csv:md5,13442b8650f2b15224fbe763094d4ef0",
                "sample1_sample1_variants_chr18_chunk_0_predicted_mhcnuggets.csv:md5,d3ae5ab6196e4c9e36d075530545d190",
                "sample1_sample1_variants_chr19_chunk_0_predicted_mhcnuggets.csv:md5,a5e1d47db8b2b364a0c081dfcfba5b17",
                "sample1_sample1_variants_chr1_chunk_0_predicted_mhcnuggets.csv:md5,b1b19f73c20f401d1eae6ec54a37e07b",
                "sample1_sample1_variants_chr20_chunk_0_predicted_mhcnuggets.csv:md5,10fd09dd0753b248ca6c178900396281",
                "sample1_sample1_variants_chr21_chunk_0_predicted_mhcnuggets.csv:md5,c2cc2842ab36928b6a3c4146f3e5821c",
                "sample1_sample1_variants_chr22_chunk_0_predicted_mhcnuggets.csv:md5,26488d959a3bd108cd453ace455b607b",
                "sample1_sample1_variants_chr2_chunk_0_predicted_mhcnuggets.csv:md5,0cfceed22ea59395348dfba2e0511a26",
                "sample1_sample1_variants_chr3_chunk_0_predicted_mhcnuggets.csv:md5,fa6f153e6ff88479cc10c721fbfeed0b",
                "sample1_sample1_variants_chr4_chunk_0_predicted_mhcnuggets.csv:md5,00fc6d15ec0f88b98495c76a6f236c29",
                "sample1_sample1_variants_chr5_chunk_0_predicted_mhcnuggets.csv:md5,93570ffb65132d45b7672866d0156fbc",
                "sample1_sample1_variants_chr6_chunk_0_predicted_mhcnuggets.csv:md5,47afd080d1e545451e47eff0adc3df52",
                "sample1_sample1_variants_chr7_chunk_0_predicted_mhcnuggets.csv:md5,418335cd91d2d460ed72d57acedcf60b",
                "sample1_sample1_variants_chr8_chunk_0_predicted_mhcnuggets.csv:md5,ec36158fa5ef8cfef470e2abb6e2ae65",
                "sample1_sample1_variants_chr9_chunk_0_predicted_mhcnuggets.csv:md5,420789c7571b44a7ef8427c8ad0134d5",
                "sample1_sample1_variants_chrX_chunk_0_predicted_mhcnuggets.csv:md5,459937c363632fd7565a5dc2fa7e9f71",
                "sample2_sample2_variants_chr10_chunk_0_predicted_mhcnuggets.csv:md5,c5542353a60c91eedaa138d51ea16229",
                "sample2_sample2_variants_chr11_chunk_0_predicted_mhcnuggets.csv:md5,7644a31da81f531b29fc80e3259d87d7",
                "sample2_sample2_variants_chr12_chunk_0_predicted_mhcnuggets.csv:md5,22762298d05ee942b6a0ad8a0b755e7e",
                "sample2_sample2_variants_chr13_chunk_0_predicted_mhcnuggets.csv:md5,150a5e2087e9611a2a14aa82f5d4cf4a",
                "sample2_sample2_variants_chr14_chunk_0_predicted_mhcnuggets.csv:md5,e056cd83e11e064b02e845d8d2c79bc2",
                "sample2_sample2_variants_chr15_chunk_0_predicted_mhcnuggets.csv:md5,9f33bd8c08f1800b4b66ef572d732bb7",
                "sample2_sample2_variants_chr16_chunk_0_predicted_mhcnuggets.csv:md5,d01f362c648c20c6ac834db69a21fc4d",
                "sample2_sample2_variants_chr17_chunk_0_predicted_mhcnuggets.csv:md5,13442b8650f2b15224fbe763094d4ef0",
                "sample2_sample2_variants_chr18_chunk_0_predicted_mhcnuggets.csv:md5,d3ae5ab6196e4c9e36d075530545d190",
                "sample2_sample2_variants_chr19_chunk_0_predicted_mhcnuggets.csv:md5,a5e1d47db8b2b364a0c081dfcfba5b17",
                "sample2_sample2_variants_chr1_chunk_0_predicted_mhcnuggets.csv:md5,b1b19f73c20f401d1eae6ec54a37e07b",
                "sample2_sample2_variants_chr20_chunk_0_predicted_mhcnuggets.csv:md5,10fd09dd0753b248ca6c178900396281",
                "sample2_sample2_variants_chr21_chunk_0_predicted_mhcnuggets.csv:md5,c2cc2842ab36928b6a3c4146f3e5821c",
                "sample2_sample2_variants_chr22_chunk_0_predicted_mhcnuggets.csv:md5,26488d959a3bd108cd453ace455b607b",
                "sample2_sample2_variants_chr2_chunk_0_predicted_mhcnuggets.csv:md5,0cfceed22ea59395348dfba2e0511a26",
                "sample2_sample2_variants_chr3_chunk_0_predicted_mhcnuggets.csv:md5,fa6f153e6ff88479cc10c721fbfeed0b",
                "sample2_sample2_variants_chr4_chunk_0_predicted_mhcnuggets.csv:md5,00fc6d15ec0f88b98495c76a6f236c29",
                "sample2_sample2_variants_chr5_chunk_0_predicted_mhcnuggets.csv:md5,93570ffb65132d45b7672866d0156fbc",
                "sample2_sample2_variants_chr6_chunk_0_predicted_mhcnuggets.csv:md5,47afd080d1e545451e47eff0adc3df52",
                "sample2_sample2_variants_chr7_chunk_0_predicted_mhcnuggets.csv:md5,418335cd91d2d460ed72d57acedcf60b",
                "sample2_sample2_variants_chr8_chunk_0_predicted_mhcnuggets.csv:md5,ec36158fa5ef8cfef470e2abb6e2ae65",
                "sample2_sample2_variants_chr9_chunk_0_predicted_mhcnuggets.csv:md5,420789c7571b44a7ef8427c8ad0134d5",
                "sample2_sample2_variants_chrX_chunk_0_predicted_mhcnuggets.csv:md5,459937c363632fd7565a5dc2fa7e9f71",
                "bcftools-stats-subtypes.txt:md5,7ab76edfee1837227a5fd26a07ee4156",
                "bcftools_stats_indel-lengths.txt:md5,0f1a580ed6fc7562efc4899b55b632a2",
                "bcftools_stats_vqc_Count_Indels.txt:md5,08abd7baa06e7f5e4fdcb7aa1808f72e",
                "bcftools_stats_vqc_Count_SNP.txt:md5,692895ea53207e747016ea48d72bd511",
                "bcftools_stats_vqc_Count_Transitions.txt:md5,1fb518cf9d032c9cb35ed08bb010660e",
                "bcftools_stats_vqc_Count_Transversions.txt:md5,e301b8c8760fdd149b2e8924d8f9e9b7",
                "multiqc_bcftools_stats.txt:md5,a3aca1d8f180bbbe0053a9210681ca5a",
                "multiqc_binder_length_distribution.txt:md5,9fbb7555888c124b4458791617ced876",
                "multiqc_binder_rank_distribution.txt:md5,0a6ab01f856c295e45128c0d0e58fd6e",
                "multiqc_binding_affinity_distribution.txt:md5,50cb7bb5538c048505e073838340d14c",
                "multiqc_citations.txt:md5,5cbab4ecbe14049d965fd97bd61d252b",
                "multiqc_general_stats.txt:md5,a2861dfd886f449d522e37c92889a474",
                "multiqc_peptide_binding_prediction_stats.txt:md5,a6ae4c99a2f2a4bb158f3f6f909d24c0",
                "sample1.tsv:md5,0fb00cf294c5e599aaca37afb2bc4343",
                "sample2.tsv:md5,693d757952aab7b030ad3e30d030d018"
            ]
        ],
        "meta": {
            "nf-test": "0.9.2",
            "nextflow": "25.04.6"
        },
        "timestamp": "2025-07-22T15:30:32.098128445"
    }
}