{
    "-profile test_proteins": {
        "content": [
            238,
            {
                "BCFTOOLS_STATS": {
                    "bcftools": 1.2
                },
                "EPYTOPE_VARIANT_PREDICTION": {
                    "python": "3.7.12",
                    "epytope": "3.3.1",
                    "pandas": "1.3.5",
                    "pyvcf": "1.0.3"
                },
                "GUNZIP_VCF": {
                    "gunzip": 1.13
                },
                "MERGE_PREDICTIONS": {
                    "argparse": 1.1,
                    "pandas": "2.1.0",
                    "mhcgnomes": "1.8.6"
                },
                "MHCNUGGETS": {
                    "argparse": 1.1,
                    "pandas": "1.1.5"
                },
                "mhcnuggets": "2.4.0",
                "SNPSIFT_SPLIT": {
                    "snpsift": 4.3
                },
                "SPLIT_PEPTIDES": {
                    "python": "3.11.10"
                },
                "SUMMARIZE_RESULTS": {
                    "python": "3.11.5"
                },
                "Workflow": {
                    "nf-core/epitopeprediction": "v3.0.0"
                }
            },
            [
                "epytope",
                "epytope/sample1_variants.chr1.tsv",
                "epytope/sample1_variants.chr10.tsv",
                "epytope/sample1_variants.chr11.tsv",
                "epytope/sample1_variants.chr12.tsv",
                "epytope/sample1_variants.chr13.tsv",
                "epytope/sample1_variants.chr14.tsv",
                "epytope/sample1_variants.chr15.tsv",
                "epytope/sample1_variants.chr16.tsv",
                "epytope/sample1_variants.chr17.tsv",
                "epytope/sample1_variants.chr18.tsv",
                "epytope/sample1_variants.chr19.tsv",
                "epytope/sample1_variants.chr2.tsv",
                "epytope/sample1_variants.chr20.tsv",
                "epytope/sample1_variants.chr21.tsv",
                "epytope/sample1_variants.chr22.tsv",
                "epytope/sample1_variants.chr3.tsv",
                "epytope/sample1_variants.chr4.tsv",
                "epytope/sample1_variants.chr5.tsv",
                "epytope/sample1_variants.chr6.tsv",
                "epytope/sample1_variants.chr7.tsv",
                "epytope/sample1_variants.chr8.tsv",
                "epytope/sample1_variants.chr9.tsv",
                "epytope/sample1_variants.chrX.tsv",
                "epytope/sample2_variants.chr1.tsv",
                "epytope/sample2_variants.chr10.tsv",
                "epytope/sample2_variants.chr11.tsv",
                "epytope/sample2_variants.chr12.tsv",
                "epytope/sample2_variants.chr13.tsv",
                "epytope/sample2_variants.chr14.tsv",
                "epytope/sample2_variants.chr15.tsv",
                "epytope/sample2_variants.chr16.tsv",
                "epytope/sample2_variants.chr17.tsv",
                "epytope/sample2_variants.chr18.tsv",
                "epytope/sample2_variants.chr19.tsv",
                "epytope/sample2_variants.chr2.tsv",
                "epytope/sample2_variants.chr20.tsv",
                "epytope/sample2_variants.chr21.tsv",
                "epytope/sample2_variants.chr22.tsv",
                "epytope/sample2_variants.chr3.tsv",
                "epytope/sample2_variants.chr4.tsv",
                "epytope/sample2_variants.chr5.tsv",
                "epytope/sample2_variants.chr6.tsv",
                "epytope/sample2_variants.chr7.tsv",
                "epytope/sample2_variants.chr8.tsv",
                "epytope/sample2_variants.chr9.tsv",
                "epytope/sample2_variants.chrX.tsv",
                "mhcnuggets",
                "mhcnuggets/sample1_sample1_variants_chr10_chunk_0_predicted_mhcnuggets.csv",
                "mhcnuggets/sample1_sample1_variants_chr11_chunk_0_predicted_mhcnuggets.csv",
                "mhcnuggets/sample1_sample1_variants_chr12_chunk_0_predicted_mhcnuggets.csv",
                "mhcnuggets/sample1_sample1_variants_chr13_chunk_0_predicted_mhcnuggets.csv",
                "mhcnuggets/sample1_sample1_variants_chr14_chunk_0_predicted_mhcnuggets.csv",
                "mhcnuggets/sample1_sample1_variants_chr15_chunk_0_predicted_mhcnuggets.csv",
                "mhcnuggets/sample1_sample1_variants_chr16_chunk_0_predicted_mhcnuggets.csv",
                "mhcnuggets/sample1_sample1_variants_chr17_chunk_0_predicted_mhcnuggets.csv",
                "mhcnuggets/sample1_sample1_variants_chr18_chunk_0_predicted_mhcnuggets.csv",
                "mhcnuggets/sample1_sample1_variants_chr19_chunk_0_predicted_mhcnuggets.csv",
                "mhcnuggets/sample1_sample1_variants_chr1_chunk_0_predicted_mhcnuggets.csv",
                "mhcnuggets/sample1_sample1_variants_chr20_chunk_0_predicted_mhcnuggets.csv",
                "mhcnuggets/sample1_sample1_variants_chr21_chunk_0_predicted_mhcnuggets.csv",
                "mhcnuggets/sample1_sample1_variants_chr22_chunk_0_predicted_mhcnuggets.csv",
                "mhcnuggets/sample1_sample1_variants_chr2_chunk_0_predicted_mhcnuggets.csv",
                "mhcnuggets/sample1_sample1_variants_chr3_chunk_0_predicted_mhcnuggets.csv",
                "mhcnuggets/sample1_sample1_variants_chr4_chunk_0_predicted_mhcnuggets.csv",
                "mhcnuggets/sample1_sample1_variants_chr5_chunk_0_predicted_mhcnuggets.csv",
                "mhcnuggets/sample1_sample1_variants_chr6_chunk_0_predicted_mhcnuggets.csv",
                "mhcnuggets/sample1_sample1_variants_chr7_chunk_0_predicted_mhcnuggets.csv",
                "mhcnuggets/sample1_sample1_variants_chr8_chunk_0_predicted_mhcnuggets.csv",
                "mhcnuggets/sample1_sample1_variants_chr9_chunk_0_predicted_mhcnuggets.csv",
                "mhcnuggets/sample1_sample1_variants_chrX_chunk_0_predicted_mhcnuggets.csv",
                "mhcnuggets/sample2_sample2_variants_chr10_chunk_0_predicted_mhcnuggets.csv",
                "mhcnuggets/sample2_sample2_variants_chr11_chunk_0_predicted_mhcnuggets.csv",
                "mhcnuggets/sample2_sample2_variants_chr12_chunk_0_predicted_mhcnuggets.csv",
                "mhcnuggets/sample2_sample2_variants_chr13_chunk_0_predicted_mhcnuggets.csv",
                "mhcnuggets/sample2_sample2_variants_chr14_chunk_0_predicted_mhcnuggets.csv",
                "mhcnuggets/sample2_sample2_variants_chr15_chunk_0_predicted_mhcnuggets.csv",
                "mhcnuggets/sample2_sample2_variants_chr16_chunk_0_predicted_mhcnuggets.csv",
                "mhcnuggets/sample2_sample2_variants_chr17_chunk_0_predicted_mhcnuggets.csv",
                "mhcnuggets/sample2_sample2_variants_chr18_chunk_0_predicted_mhcnuggets.csv",
                "mhcnuggets/sample2_sample2_variants_chr19_chunk_0_predicted_mhcnuggets.csv",
                "mhcnuggets/sample2_sample2_variants_chr1_chunk_0_predicted_mhcnuggets.csv",
                "mhcnuggets/sample2_sample2_variants_chr20_chunk_0_predicted_mhcnuggets.csv",
                "mhcnuggets/sample2_sample2_variants_chr21_chunk_0_predicted_mhcnuggets.csv",
                "mhcnuggets/sample2_sample2_variants_chr22_chunk_0_predicted_mhcnuggets.csv",
                "mhcnuggets/sample2_sample2_variants_chr2_chunk_0_predicted_mhcnuggets.csv",
                "mhcnuggets/sample2_sample2_variants_chr3_chunk_0_predicted_mhcnuggets.csv",
                "mhcnuggets/sample2_sample2_variants_chr4_chunk_0_predicted_mhcnuggets.csv",
                "mhcnuggets/sample2_sample2_variants_chr5_chunk_0_predicted_mhcnuggets.csv",
                "mhcnuggets/sample2_sample2_variants_chr6_chunk_0_predicted_mhcnuggets.csv",
                "mhcnuggets/sample2_sample2_variants_chr7_chunk_0_predicted_mhcnuggets.csv",
                "mhcnuggets/sample2_sample2_variants_chr8_chunk_0_predicted_mhcnuggets.csv",
                "mhcnuggets/sample2_sample2_variants_chr9_chunk_0_predicted_mhcnuggets.csv",
                "mhcnuggets/sample2_sample2_variants_chrX_chunk_0_predicted_mhcnuggets.csv",
                "multiqc",
                "multiqc/multiqc_data",
                "multiqc/multiqc_data/BETA-multiqc.parquet",
                "multiqc/multiqc_data/bcftools-stats-subtypes.txt",
                "multiqc/multiqc_data/bcftools_stats_indel-lengths.txt",
                "multiqc/multiqc_data/bcftools_stats_vqc_Count_Indels.txt",
                "multiqc/multiqc_data/bcftools_stats_vqc_Count_SNP.txt",
                "multiqc/multiqc_data/bcftools_stats_vqc_Count_Transitions.txt",
                "multiqc/multiqc_data/bcftools_stats_vqc_Count_Transversions.txt",
                "multiqc/multiqc_data/multiqc.log",
                "multiqc/multiqc_data/multiqc_bcftools_stats.txt",
                "multiqc/multiqc_data/multiqc_binder_length_distribution.txt",
                "multiqc/multiqc_data/multiqc_binder_rank_distribution.txt",
                "multiqc/multiqc_data/multiqc_binding_affinity_distribution.txt",
                "multiqc/multiqc_data/multiqc_citations.txt",
                "multiqc/multiqc_data/multiqc_data.json",
                "multiqc/multiqc_data/multiqc_general_stats.txt",
                "multiqc/multiqc_data/multiqc_peptide_binding_prediction_stats.txt",
                "multiqc/multiqc_data/multiqc_software_versions.txt",
                "multiqc/multiqc_data/multiqc_sources.txt",
                "multiqc/multiqc_plots",
                "multiqc/multiqc_plots/pdf",
                "multiqc/multiqc_plots/pdf/bcftools-stats-subtypes-cnt.pdf",
                "multiqc/multiqc_plots/pdf/bcftools-stats-subtypes-pct.pdf",
                "multiqc/multiqc_plots/pdf/bcftools_stats_indel-lengths-cnt.pdf",
                "multiqc/multiqc_plots/pdf/bcftools_stats_indel-lengths-log.pdf",
                "multiqc/multiqc_plots/pdf/bcftools_stats_vqc_Count_Indels.pdf",
                "multiqc/multiqc_plots/pdf/bcftools_stats_vqc_Count_SNP.pdf",
                "multiqc/multiqc_plots/pdf/bcftools_stats_vqc_Count_Transitions.pdf",
                "multiqc/multiqc_plots/pdf/bcftools_stats_vqc_Count_Transversions.pdf",
                "multiqc/multiqc_plots/pdf/binder_length_distribution.pdf",
                "multiqc/multiqc_plots/pdf/binder_rank_distribution.pdf",
                "multiqc/multiqc_plots/pdf/binding_affinity_distribution.pdf",
                "multiqc/multiqc_plots/pdf/peptide_binding_prediction_stats.pdf",
                "multiqc/multiqc_plots/png",
                "multiqc/multiqc_plots/png/bcftools-stats-subtypes-cnt.png",
                "multiqc/multiqc_plots/png/bcftools-stats-subtypes-pct.png",
                "multiqc/multiqc_plots/png/bcftools_stats_indel-lengths-cnt.png",
                "multiqc/multiqc_plots/png/bcftools_stats_indel-lengths-log.png",
                "multiqc/multiqc_plots/png/bcftools_stats_vqc_Count_Indels.png",
                "multiqc/multiqc_plots/png/bcftools_stats_vqc_Count_SNP.png",
                "multiqc/multiqc_plots/png/bcftools_stats_vqc_Count_Transitions.png",
                "multiqc/multiqc_plots/png/bcftools_stats_vqc_Count_Transversions.png",
                "multiqc/multiqc_plots/png/binder_length_distribution.png",
                "multiqc/multiqc_plots/png/binder_rank_distribution.png",
                "multiqc/multiqc_plots/png/binding_affinity_distribution.png",
                "multiqc/multiqc_plots/png/peptide_binding_prediction_stats.png",
                "multiqc/multiqc_plots/svg",
                "multiqc/multiqc_plots/svg/bcftools-stats-subtypes-cnt.svg",
                "multiqc/multiqc_plots/svg/bcftools-stats-subtypes-pct.svg",
                "multiqc/multiqc_plots/svg/bcftools_stats_indel-lengths-cnt.svg",
                "multiqc/multiqc_plots/svg/bcftools_stats_indel-lengths-log.svg",
                "multiqc/multiqc_plots/svg/bcftools_stats_vqc_Count_Indels.svg",
                "multiqc/multiqc_plots/svg/bcftools_stats_vqc_Count_SNP.svg",
                "multiqc/multiqc_plots/svg/bcftools_stats_vqc_Count_Transitions.svg",
                "multiqc/multiqc_plots/svg/bcftools_stats_vqc_Count_Transversions.svg",
                "multiqc/multiqc_plots/svg/binder_length_distribution.svg",
                "multiqc/multiqc_plots/svg/binder_rank_distribution.svg",
                "multiqc/multiqc_plots/svg/binding_affinity_distribution.svg",
                "multiqc/multiqc_plots/svg/peptide_binding_prediction_stats.svg",
                "multiqc/multiqc_report.html",
                "pipeline_info",
                "pipeline_info/nf_core_epitopeprediction_software_mqc_versions.yml",
                "predictions",
                "predictions/sample1.tsv",
                "predictions/sample2.tsv"
            ],
            [
                "sample1_variants.chr1.tsv:md5,dda87f0c006ae536269cfba2e0f6b1ee",
                "sample1_variants.chr10.tsv:md5,1d05a252da94a2bca69f9c3692d13345",
                "sample1_variants.chr11.tsv:md5,4360a38cdb2bf6b63aeed3155f146f86",
                "sample1_variants.chr12.tsv:md5,7d22f6a73f759f06e2b62e61adad1f8a",
                "sample1_variants.chr13.tsv:md5,d9c4bba724e4a0c06068a800857f71f1",
                "sample1_variants.chr14.tsv:md5,0cc9656bffa5359b27b710a9d227eb48",
                "sample1_variants.chr15.tsv:md5,b8db16ec3ed06fca0d9f61b9f4267b36",
                "sample1_variants.chr16.tsv:md5,567ca11dfc4aaf967c6de7659abfa47a",
                "sample1_variants.chr17.tsv:md5,3b52e2ae2b7e7228ae8bfac05f3225f1",
                "sample1_variants.chr18.tsv:md5,d3ee242d6c040aa89c1ea6a02d7617cd",
                "sample1_variants.chr19.tsv:md5,76d61acb6c60f69f127f1c2053aaa996",
                "sample1_variants.chr2.tsv:md5,1149ce11a92f4b61e42fbae29b09d398",
                "sample1_variants.chr20.tsv:md5,e6c381e6a6937a7769176ecc335f70e5",
                "sample1_variants.chr21.tsv:md5,5ebf1bf928984fc048c6b3c9d0988aaa",
                "sample1_variants.chr22.tsv:md5,6a96a8c6361cb27fcb4e94ce2db54f46",
                "sample1_variants.chr3.tsv:md5,e516b459759feb7d81e63976b315500b",
                "sample1_variants.chr4.tsv:md5,d435dc2a461022ee3026c0d4f2510279",
                "sample1_variants.chr5.tsv:md5,f01118ef4a1ee53b004bd1002e647b1e",
                "sample1_variants.chr6.tsv:md5,533651f143b4c2900c5b6d326c97d6b7",
                "sample1_variants.chr7.tsv:md5,629861e1a930067ea04cddf03d5233f0",
                "sample1_variants.chr8.tsv:md5,54dcb40260c4b09f26aeb8368effb3c7",
                "sample1_variants.chr9.tsv:md5,2a17fe91d628c1907cb348fbcb1b902a",
                "sample1_variants.chrX.tsv:md5,d0cae74dc0fc7ab787eeb727736a17aa",
                "sample2_variants.chr1.tsv:md5,21b30a0be548cd9019be192ad4cf89bb",
                "sample2_variants.chr10.tsv:md5,70e25d68346d8281f9a55ec28bafb07d",
                "sample2_variants.chr11.tsv:md5,36688e1d09e4cd2e764d49e450208720",
                "sample2_variants.chr12.tsv:md5,f39c4d48e72170eef1bcb50a92eb7b7d",
                "sample2_variants.chr13.tsv:md5,f54e6cb2451350d95c8c06620f1663c9",
                "sample2_variants.chr14.tsv:md5,00f987db88752206e31f6f8e6da28054",
                "sample2_variants.chr15.tsv:md5,6b7000cbccb9c4ddac4484a8efeebe42",
                "sample2_variants.chr16.tsv:md5,9975220e906450c5772fb7afde67851b",
                "sample2_variants.chr17.tsv:md5,c63ffb398e1eed74648070425acfa185",
                "sample2_variants.chr18.tsv:md5,3e300403e86e3e9290cc49d64603320f",
                "sample2_variants.chr19.tsv:md5,eb0bac23593a7ea1a657fe8f47d6b842",
                "sample2_variants.chr2.tsv:md5,7ed7b20edc4dd4e7f776b28991a573c0",
                "sample2_variants.chr20.tsv:md5,0070564e84ef91bb7b0a6f4ab504baea",
                "sample2_variants.chr21.tsv:md5,be18e5b478877620dd53d897c09fe3d2",
                "sample2_variants.chr22.tsv:md5,d596ecb09f0e019a77cf8b47847a4047",
                "sample2_variants.chr3.tsv:md5,9b607cbd607f98330971c7dc1711a37c",
                "sample2_variants.chr4.tsv:md5,138c69baddf59d71b8b7bd946f005b86",
                "sample2_variants.chr5.tsv:md5,6342aeec931d093ce025e133be68d339",
                "sample2_variants.chr6.tsv:md5,dfa52e1e4b748e303ee45a8b7bbb5d6f",
                "sample2_variants.chr7.tsv:md5,78f1349c9334fe9957942a61e29cd8ef",
                "sample2_variants.chr8.tsv:md5,713085def2fc8d23735b09e598a92386",
                "sample2_variants.chr9.tsv:md5,6546f35a5ded8177b6d374fbd694cef0",
                "sample2_variants.chrX.tsv:md5,00c300e713abfd050b077cc233f800b2",
                "sample1_sample1_variants_chr10_chunk_0_predicted_mhcnuggets.csv:md5,c5542353a60c91eedaa138d51ea16229",
                "sample1_sample1_variants_chr11_chunk_0_predicted_mhcnuggets.csv:md5,7644a31da81f531b29fc80e3259d87d7",
                "sample1_sample1_variants_chr12_chunk_0_predicted_mhcnuggets.csv:md5,22762298d05ee942b6a0ad8a0b755e7e",
                "sample1_sample1_variants_chr13_chunk_0_predicted_mhcnuggets.csv:md5,150a5e2087e9611a2a14aa82f5d4cf4a",
                "sample1_sample1_variants_chr14_chunk_0_predicted_mhcnuggets.csv:md5,e056cd83e11e064b02e845d8d2c79bc2",
                "sample1_sample1_variants_chr15_chunk_0_predicted_mhcnuggets.csv:md5,9f33bd8c08f1800b4b66ef572d732bb7",
                "sample1_sample1_variants_chr16_chunk_0_predicted_mhcnuggets.csv:md5,d01f362c648c20c6ac834db69a21fc4d",
                "sample1_sample1_variants_chr17_chunk_0_predicted_mhcnuggets.csv:md5,13442b8650f2b15224fbe763094d4ef0",
                "sample1_sample1_variants_chr18_chunk_0_predicted_mhcnuggets.csv:md5,d3ae5ab6196e4c9e36d075530545d190",
                "sample1_sample1_variants_chr19_chunk_0_predicted_mhcnuggets.csv:md5,a5e1d47db8b2b364a0c081dfcfba5b17",
                "sample1_sample1_variants_chr1_chunk_0_predicted_mhcnuggets.csv:md5,b1b19f73c20f401d1eae6ec54a37e07b",
                "sample1_sample1_variants_chr20_chunk_0_predicted_mhcnuggets.csv:md5,10fd09dd0753b248ca6c178900396281",
                "sample1_sample1_variants_chr21_chunk_0_predicted_mhcnuggets.csv:md5,c2cc2842ab36928b6a3c4146f3e5821c",
                "sample1_sample1_variants_chr22_chunk_0_predicted_mhcnuggets.csv:md5,26488d959a3bd108cd453ace455b607b",
                "sample1_sample1_variants_chr2_chunk_0_predicted_mhcnuggets.csv:md5,0cfceed22ea59395348dfba2e0511a26",
                "sample1_sample1_variants_chr3_chunk_0_predicted_mhcnuggets.csv:md5,fa6f153e6ff88479cc10c721fbfeed0b",
                "sample1_sample1_variants_chr4_chunk_0_predicted_mhcnuggets.csv:md5,00fc6d15ec0f88b98495c76a6f236c29",
                "sample1_sample1_variants_chr5_chunk_0_predicted_mhcnuggets.csv:md5,93570ffb65132d45b7672866d0156fbc",
                "sample1_sample1_variants_chr6_chunk_0_predicted_mhcnuggets.csv:md5,47afd080d1e545451e47eff0adc3df52",
                "sample1_sample1_variants_chr7_chunk_0_predicted_mhcnuggets.csv:md5,418335cd91d2d460ed72d57acedcf60b",
                "sample1_sample1_variants_chr8_chunk_0_predicted_mhcnuggets.csv:md5,ec36158fa5ef8cfef470e2abb6e2ae65",
                "sample1_sample1_variants_chr9_chunk_0_predicted_mhcnuggets.csv:md5,420789c7571b44a7ef8427c8ad0134d5",
                "sample1_sample1_variants_chrX_chunk_0_predicted_mhcnuggets.csv:md5,459937c363632fd7565a5dc2fa7e9f71",
                "sample2_sample2_variants_chr10_chunk_0_predicted_mhcnuggets.csv:md5,c5542353a60c91eedaa138d51ea16229",
                "sample2_sample2_variants_chr11_chunk_0_predicted_mhcnuggets.csv:md5,7644a31da81f531b29fc80e3259d87d7",
                "sample2_sample2_variants_chr12_chunk_0_predicted_mhcnuggets.csv:md5,22762298d05ee942b6a0ad8a0b755e7e",
                "sample2_sample2_variants_chr13_chunk_0_predicted_mhcnuggets.csv:md5,150a5e2087e9611a2a14aa82f5d4cf4a",
                "sample2_sample2_variants_chr14_chunk_0_predicted_mhcnuggets.csv:md5,e056cd83e11e064b02e845d8d2c79bc2",
                "sample2_sample2_variants_chr15_chunk_0_predicted_mhcnuggets.csv:md5,9f33bd8c08f1800b4b66ef572d732bb7",
                "sample2_sample2_variants_chr16_chunk_0_predicted_mhcnuggets.csv:md5,d01f362c648c20c6ac834db69a21fc4d",
                "sample2_sample2_variants_chr17_chunk_0_predicted_mhcnuggets.csv:md5,13442b8650f2b15224fbe763094d4ef0",
                "sample2_sample2_variants_chr18_chunk_0_predicted_mhcnuggets.csv:md5,d3ae5ab6196e4c9e36d075530545d190",
                "sample2_sample2_variants_chr19_chunk_0_predicted_mhcnuggets.csv:md5,a5e1d47db8b2b364a0c081dfcfba5b17",
                "sample2_sample2_variants_chr1_chunk_0_predicted_mhcnuggets.csv:md5,b1b19f73c20f401d1eae6ec54a37e07b",
                "sample2_sample2_variants_chr20_chunk_0_predicted_mhcnuggets.csv:md5,10fd09dd0753b248ca6c178900396281",
                "sample2_sample2_variants_chr21_chunk_0_predicted_mhcnuggets.csv:md5,c2cc2842ab36928b6a3c4146f3e5821c",
                "sample2_sample2_variants_chr22_chunk_0_predicted_mhcnuggets.csv:md5,26488d959a3bd108cd453ace455b607b",
                "sample2_sample2_variants_chr2_chunk_0_predicted_mhcnuggets.csv:md5,0cfceed22ea59395348dfba2e0511a26",
                "sample2_sample2_variants_chr3_chunk_0_predicted_mhcnuggets.csv:md5,fa6f153e6ff88479cc10c721fbfeed0b",
                "sample2_sample2_variants_chr4_chunk_0_predicted_mhcnuggets.csv:md5,00fc6d15ec0f88b98495c76a6f236c29",
                "sample2_sample2_variants_chr5_chunk_0_predicted_mhcnuggets.csv:md5,93570ffb65132d45b7672866d0156fbc",
                "sample2_sample2_variants_chr6_chunk_0_predicted_mhcnuggets.csv:md5,47afd080d1e545451e47eff0adc3df52",
                "sample2_sample2_variants_chr7_chunk_0_predicted_mhcnuggets.csv:md5,418335cd91d2d460ed72d57acedcf60b",
                "sample2_sample2_variants_chr8_chunk_0_predicted_mhcnuggets.csv:md5,ec36158fa5ef8cfef470e2abb6e2ae65",
                "sample2_sample2_variants_chr9_chunk_0_predicted_mhcnuggets.csv:md5,420789c7571b44a7ef8427c8ad0134d5",
                "sample2_sample2_variants_chrX_chunk_0_predicted_mhcnuggets.csv:md5,459937c363632fd7565a5dc2fa7e9f71",
                "bcftools-stats-subtypes.txt:md5,7ab76edfee1837227a5fd26a07ee4156",
                "bcftools_stats_indel-lengths.txt:md5,0f1a580ed6fc7562efc4899b55b632a2",
                "bcftools_stats_vqc_Count_Indels.txt:md5,08abd7baa06e7f5e4fdcb7aa1808f72e",
                "bcftools_stats_vqc_Count_SNP.txt:md5,692895ea53207e747016ea48d72bd511",
                "bcftools_stats_vqc_Count_Transitions.txt:md5,1fb518cf9d032c9cb35ed08bb010660e",
                "bcftools_stats_vqc_Count_Transversions.txt:md5,e301b8c8760fdd149b2e8924d8f9e9b7",
                "multiqc_bcftools_stats.txt:md5,a3aca1d8f180bbbe0053a9210681ca5a",
                "multiqc_binder_length_distribution.txt:md5,9fbb7555888c124b4458791617ced876",
                "multiqc_binder_rank_distribution.txt:md5,0a6ab01f856c295e45128c0d0e58fd6e",
                "multiqc_binding_affinity_distribution.txt:md5,50cb7bb5538c048505e073838340d14c",
                "multiqc_citations.txt:md5,5cbab4ecbe14049d965fd97bd61d252b",
                "multiqc_general_stats.txt:md5,a2861dfd886f449d522e37c92889a474",
                "multiqc_peptide_binding_prediction_stats.txt:md5,a6ae4c99a2f2a4bb158f3f6f909d24c0",
                "sample1.tsv:md5,a5303557c3af4c9ba6c1b6965ee7111e",
                "sample2.tsv:md5,f4e54acd3abb446153de9e59a91195ef"
            ]
        ],
        "meta": {
            "nf-test": "0.9.2",
            "nextflow": "25.04.6"
        },
        "timestamp": "2025-07-22T15:38:21.553655515"
    }
}