{
    "-profile test_wide_format_output": {
        "content": [
            238,
            {
                "BCFTOOLS_STATS": {
                    "bcftools": 1.2
                },
                "EPYTOPE_VARIANT_PREDICTION": {
                    "python": "3.7.12",
                    "epytope": "3.3.1",
                    "pandas": "1.3.5",
                    "pyvcf": "1.0.3"
                },
                "GUNZIP_VCF": {
                    "gunzip": 1.13
                },
                "MERGE_PREDICTIONS": {
                    "argparse": 1.1,
                    "pandas": "2.1.0",
                    "mhcgnomes": "1.8.6"
                },
                "MHCNUGGETS": {
                    "argparse": 1.1,
                    "pandas": "1.1.5"
                },
                "mhcnuggets": "2.4.0",
                "SNPSIFT_SPLIT": {
                    "snpsift": 4.3
                },
                "SPLIT_PEPTIDES": {
                    "python": "3.11.10"
                },
                "SUMMARIZE_RESULTS": {
                    "python": "3.11.5"
                },
                "Workflow": {
                    "nf-core/epitopeprediction": "v3.0.0"
                }
            },
            [
                "epytope",
                "epytope/sample1_variants.chr1.tsv",
                "epytope/sample1_variants.chr10.tsv",
                "epytope/sample1_variants.chr11.tsv",
                "epytope/sample1_variants.chr12.tsv",
                "epytope/sample1_variants.chr13.tsv",
                "epytope/sample1_variants.chr14.tsv",
                "epytope/sample1_variants.chr15.tsv",
                "epytope/sample1_variants.chr16.tsv",
                "epytope/sample1_variants.chr17.tsv",
                "epytope/sample1_variants.chr18.tsv",
                "epytope/sample1_variants.chr19.tsv",
                "epytope/sample1_variants.chr2.tsv",
                "epytope/sample1_variants.chr20.tsv",
                "epytope/sample1_variants.chr21.tsv",
                "epytope/sample1_variants.chr22.tsv",
                "epytope/sample1_variants.chr3.tsv",
                "epytope/sample1_variants.chr4.tsv",
                "epytope/sample1_variants.chr5.tsv",
                "epytope/sample1_variants.chr6.tsv",
                "epytope/sample1_variants.chr7.tsv",
                "epytope/sample1_variants.chr8.tsv",
                "epytope/sample1_variants.chr9.tsv",
                "epytope/sample1_variants.chrX.tsv",
                "epytope/sample2_variants.chr1.tsv",
                "epytope/sample2_variants.chr10.tsv",
                "epytope/sample2_variants.chr11.tsv",
                "epytope/sample2_variants.chr12.tsv",
                "epytope/sample2_variants.chr13.tsv",
                "epytope/sample2_variants.chr14.tsv",
                "epytope/sample2_variants.chr15.tsv",
                "epytope/sample2_variants.chr16.tsv",
                "epytope/sample2_variants.chr17.tsv",
                "epytope/sample2_variants.chr18.tsv",
                "epytope/sample2_variants.chr19.tsv",
                "epytope/sample2_variants.chr2.tsv",
                "epytope/sample2_variants.chr20.tsv",
                "epytope/sample2_variants.chr21.tsv",
                "epytope/sample2_variants.chr22.tsv",
                "epytope/sample2_variants.chr3.tsv",
                "epytope/sample2_variants.chr4.tsv",
                "epytope/sample2_variants.chr5.tsv",
                "epytope/sample2_variants.chr6.tsv",
                "epytope/sample2_variants.chr7.tsv",
                "epytope/sample2_variants.chr8.tsv",
                "epytope/sample2_variants.chr9.tsv",
                "epytope/sample2_variants.chrX.tsv",
                "mhcnuggets",
                "mhcnuggets/sample1_sample1_variants_chr10_chunk_0_predicted_mhcnuggets.csv",
                "mhcnuggets/sample1_sample1_variants_chr11_chunk_0_predicted_mhcnuggets.csv",
                "mhcnuggets/sample1_sample1_variants_chr12_chunk_0_predicted_mhcnuggets.csv",
                "mhcnuggets/sample1_sample1_variants_chr13_chunk_0_predicted_mhcnuggets.csv",
                "mhcnuggets/sample1_sample1_variants_chr14_chunk_0_predicted_mhcnuggets.csv",
                "mhcnuggets/sample1_sample1_variants_chr15_chunk_0_predicted_mhcnuggets.csv",
                "mhcnuggets/sample1_sample1_variants_chr16_chunk_0_predicted_mhcnuggets.csv",
                "mhcnuggets/sample1_sample1_variants_chr17_chunk_0_predicted_mhcnuggets.csv",
                "mhcnuggets/sample1_sample1_variants_chr18_chunk_0_predicted_mhcnuggets.csv",
                "mhcnuggets/sample1_sample1_variants_chr19_chunk_0_predicted_mhcnuggets.csv",
                "mhcnuggets/sample1_sample1_variants_chr1_chunk_0_predicted_mhcnuggets.csv",
                "mhcnuggets/sample1_sample1_variants_chr20_chunk_0_predicted_mhcnuggets.csv",
                "mhcnuggets/sample1_sample1_variants_chr21_chunk_0_predicted_mhcnuggets.csv",
                "mhcnuggets/sample1_sample1_variants_chr22_chunk_0_predicted_mhcnuggets.csv",
                "mhcnuggets/sample1_sample1_variants_chr2_chunk_0_predicted_mhcnuggets.csv",
                "mhcnuggets/sample1_sample1_variants_chr3_chunk_0_predicted_mhcnuggets.csv",
                "mhcnuggets/sample1_sample1_variants_chr4_chunk_0_predicted_mhcnuggets.csv",
                "mhcnuggets/sample1_sample1_variants_chr5_chunk_0_predicted_mhcnuggets.csv",
                "mhcnuggets/sample1_sample1_variants_chr6_chunk_0_predicted_mhcnuggets.csv",
                "mhcnuggets/sample1_sample1_variants_chr7_chunk_0_predicted_mhcnuggets.csv",
                "mhcnuggets/sample1_sample1_variants_chr8_chunk_0_predicted_mhcnuggets.csv",
                "mhcnuggets/sample1_sample1_variants_chr9_chunk_0_predicted_mhcnuggets.csv",
                "mhcnuggets/sample1_sample1_variants_chrX_chunk_0_predicted_mhcnuggets.csv",
                "mhcnuggets/sample2_sample2_variants_chr10_chunk_0_predicted_mhcnuggets.csv",
                "mhcnuggets/sample2_sample2_variants_chr11_chunk_0_predicted_mhcnuggets.csv",
                "mhcnuggets/sample2_sample2_variants_chr12_chunk_0_predicted_mhcnuggets.csv",
                "mhcnuggets/sample2_sample2_variants_chr13_chunk_0_predicted_mhcnuggets.csv",
                "mhcnuggets/sample2_sample2_variants_chr14_chunk_0_predicted_mhcnuggets.csv",
                "mhcnuggets/sample2_sample2_variants_chr15_chunk_0_predicted_mhcnuggets.csv",
                "mhcnuggets/sample2_sample2_variants_chr16_chunk_0_predicted_mhcnuggets.csv",
                "mhcnuggets/sample2_sample2_variants_chr17_chunk_0_predicted_mhcnuggets.csv",
                "mhcnuggets/sample2_sample2_variants_chr18_chunk_0_predicted_mhcnuggets.csv",
                "mhcnuggets/sample2_sample2_variants_chr19_chunk_0_predicted_mhcnuggets.csv",
                "mhcnuggets/sample2_sample2_variants_chr1_chunk_0_predicted_mhcnuggets.csv",
                "mhcnuggets/sample2_sample2_variants_chr20_chunk_0_predicted_mhcnuggets.csv",
                "mhcnuggets/sample2_sample2_variants_chr21_chunk_0_predicted_mhcnuggets.csv",
                "mhcnuggets/sample2_sample2_variants_chr22_chunk_0_predicted_mhcnuggets.csv",
                "mhcnuggets/sample2_sample2_variants_chr2_chunk_0_predicted_mhcnuggets.csv",
                "mhcnuggets/sample2_sample2_variants_chr3_chunk_0_predicted_mhcnuggets.csv",
                "mhcnuggets/sample2_sample2_variants_chr4_chunk_0_predicted_mhcnuggets.csv",
                "mhcnuggets/sample2_sample2_variants_chr5_chunk_0_predicted_mhcnuggets.csv",
                "mhcnuggets/sample2_sample2_variants_chr6_chunk_0_predicted_mhcnuggets.csv",
                "mhcnuggets/sample2_sample2_variants_chr7_chunk_0_predicted_mhcnuggets.csv",
                "mhcnuggets/sample2_sample2_variants_chr8_chunk_0_predicted_mhcnuggets.csv",
                "mhcnuggets/sample2_sample2_variants_chr9_chunk_0_predicted_mhcnuggets.csv",
                "mhcnuggets/sample2_sample2_variants_chrX_chunk_0_predicted_mhcnuggets.csv",
                "multiqc",
                "multiqc/multiqc_data",
                "multiqc/multiqc_data/BETA-multiqc.parquet",
                "multiqc/multiqc_data/bcftools-stats-subtypes.txt",
                "multiqc/multiqc_data/bcftools_stats_indel-lengths.txt",
                "multiqc/multiqc_data/bcftools_stats_vqc_Count_Indels.txt",
                "multiqc/multiqc_data/bcftools_stats_vqc_Count_SNP.txt",
                "multiqc/multiqc_data/bcftools_stats_vqc_Count_Transitions.txt",
                "multiqc/multiqc_data/bcftools_stats_vqc_Count_Transversions.txt",
                "multiqc/multiqc_data/multiqc.log",
                "multiqc/multiqc_data/multiqc_bcftools_stats.txt",
                "multiqc/multiqc_data/multiqc_binder_length_distribution.txt",
                "multiqc/multiqc_data/multiqc_binder_rank_distribution.txt",
                "multiqc/multiqc_data/multiqc_binding_affinity_distribution.txt",
                "multiqc/multiqc_data/multiqc_citations.txt",
                "multiqc/multiqc_data/multiqc_data.json",
                "multiqc/multiqc_data/multiqc_general_stats.txt",
                "multiqc/multiqc_data/multiqc_peptide_binding_prediction_stats.txt",
                "multiqc/multiqc_data/multiqc_software_versions.txt",
                "multiqc/multiqc_data/multiqc_sources.txt",
                "multiqc/multiqc_plots",
                "multiqc/multiqc_plots/pdf",
                "multiqc/multiqc_plots/pdf/bcftools-stats-subtypes-cnt.pdf",
                "multiqc/multiqc_plots/pdf/bcftools-stats-subtypes-pct.pdf",
                "multiqc/multiqc_plots/pdf/bcftools_stats_indel-lengths-cnt.pdf",
                "multiqc/multiqc_plots/pdf/bcftools_stats_indel-lengths-log.pdf",
                "multiqc/multiqc_plots/pdf/bcftools_stats_vqc_Count_Indels.pdf",
                "multiqc/multiqc_plots/pdf/bcftools_stats_vqc_Count_SNP.pdf",
                "multiqc/multiqc_plots/pdf/bcftools_stats_vqc_Count_Transitions.pdf",
                "multiqc/multiqc_plots/pdf/bcftools_stats_vqc_Count_Transversions.pdf",
                "multiqc/multiqc_plots/pdf/binder_length_distribution.pdf",
                "multiqc/multiqc_plots/pdf/binder_rank_distribution.pdf",
                "multiqc/multiqc_plots/pdf/binding_affinity_distribution.pdf",
                "multiqc/multiqc_plots/pdf/peptide_binding_prediction_stats.pdf",
                "multiqc/multiqc_plots/png",
                "multiqc/multiqc_plots/png/bcftools-stats-subtypes-cnt.png",
                "multiqc/multiqc_plots/png/bcftools-stats-subtypes-pct.png",
                "multiqc/multiqc_plots/png/bcftools_stats_indel-lengths-cnt.png",
                "multiqc/multiqc_plots/png/bcftools_stats_indel-lengths-log.png",
                "multiqc/multiqc_plots/png/bcftools_stats_vqc_Count_Indels.png",
                "multiqc/multiqc_plots/png/bcftools_stats_vqc_Count_SNP.png",
                "multiqc/multiqc_plots/png/bcftools_stats_vqc_Count_Transitions.png",
                "multiqc/multiqc_plots/png/bcftools_stats_vqc_Count_Transversions.png",
                "multiqc/multiqc_plots/png/binder_length_distribution.png",
                "multiqc/multiqc_plots/png/binder_rank_distribution.png",
                "multiqc/multiqc_plots/png/binding_affinity_distribution.png",
                "multiqc/multiqc_plots/png/peptide_binding_prediction_stats.png",
                "multiqc/multiqc_plots/svg",
                "multiqc/multiqc_plots/svg/bcftools-stats-subtypes-cnt.svg",
                "multiqc/multiqc_plots/svg/bcftools-stats-subtypes-pct.svg",
                "multiqc/multiqc_plots/svg/bcftools_stats_indel-lengths-cnt.svg",
                "multiqc/multiqc_plots/svg/bcftools_stats_indel-lengths-log.svg",
                "multiqc/multiqc_plots/svg/bcftools_stats_vqc_Count_Indels.svg",
                "multiqc/multiqc_plots/svg/bcftools_stats_vqc_Count_SNP.svg",
                "multiqc/multiqc_plots/svg/bcftools_stats_vqc_Count_Transitions.svg",
                "multiqc/multiqc_plots/svg/bcftools_stats_vqc_Count_Transversions.svg",
                "multiqc/multiqc_plots/svg/binder_length_distribution.svg",
                "multiqc/multiqc_plots/svg/binder_rank_distribution.svg",
                "multiqc/multiqc_plots/svg/binding_affinity_distribution.svg",
                "multiqc/multiqc_plots/svg/peptide_binding_prediction_stats.svg",
                "multiqc/multiqc_report.html",
                "pipeline_info",
                "pipeline_info/nf_core_epitopeprediction_software_mqc_versions.yml",
                "predictions",
                "predictions/sample1.tsv",
                "predictions/sample2.tsv"
            ],
            [
                "sample1_variants.chr1.tsv:md5,4fa839f7f23a18b6a869c9d48212844a",
                "sample1_variants.chr10.tsv:md5,ed84390815ce6b2ba481009e947b1c6a",
                "sample1_variants.chr11.tsv:md5,43fdbe71a9c955c82fe62d0b508af703",
                "sample1_variants.chr12.tsv:md5,60f2b5349e6420589f178f74933b22ee",
                "sample1_variants.chr13.tsv:md5,5ae7fce26ce26c721f2d87f03104c0bb",
                "sample1_variants.chr14.tsv:md5,8d0b4dae303b02692313827fb93118b4",
                "sample1_variants.chr15.tsv:md5,ef1649841186e07905c65b81898c4d27",
                "sample1_variants.chr16.tsv:md5,34406beec8e1480e7e5431f722ff1700",
                "sample1_variants.chr17.tsv:md5,9ee63675a87cb9f2354cbb53ef3fadb8",
                "sample1_variants.chr18.tsv:md5,79cfa54baaf982ff87779342b0a945e1",
                "sample1_variants.chr19.tsv:md5,978cb3a62085b420990352c4ed14d2a7",
                "sample1_variants.chr2.tsv:md5,301dcf97844d13f43c43a42148681c92",
                "sample1_variants.chr20.tsv:md5,012d8cafd0cd472fac35638c6ef6924a",
                "sample1_variants.chr21.tsv:md5,f3ad73731d4d5c9ecd5f332fcc9635d7",
                "sample1_variants.chr22.tsv:md5,c6eb348a9c984a198b7b85a1d48920a8",
                "sample1_variants.chr3.tsv:md5,58d1014ca8ace378532096fdb5e1eae8",
                "sample1_variants.chr4.tsv:md5,83e8f4546dafad40720e660e56f3da5c",
                "sample1_variants.chr5.tsv:md5,c69cabb0ed249b3cf7767651c2b6c5ac",
                "sample1_variants.chr6.tsv:md5,0cd8d04e98aa51311936e036710b3095",
                "sample1_variants.chr7.tsv:md5,2f51a6be0051676f9f1a6b9ac11f6f5b",
                "sample1_variants.chr8.tsv:md5,eedad63aa232df283cf178bf60d1349c",
                "sample1_variants.chr9.tsv:md5,496c1cf931d88b4fb286b36be23631c7",
                "sample1_variants.chrX.tsv:md5,b105db69a77bb11161be62e39476f574",
                "sample2_variants.chr1.tsv:md5,4976fb3ef54acbf8b2f7dd989210fa61",
                "sample2_variants.chr10.tsv:md5,70807373b6ede35cd8b1325661406fe1",
                "sample2_variants.chr11.tsv:md5,ba3fde885f7c4a0c1b37ee449c510e4f",
                "sample2_variants.chr12.tsv:md5,803ae16782127cdc654092bcb6a680f0",
                "sample2_variants.chr13.tsv:md5,f45bbdec794e77866b8094d48c7d677f",
                "sample2_variants.chr14.tsv:md5,ce1db1dad546d85e8332c36663f72c78",
                "sample2_variants.chr15.tsv:md5,3fca0f842734e94ebeebc7329055b7be",
                "sample2_variants.chr16.tsv:md5,980b561bf8be966199cbb41b95364456",
                "sample2_variants.chr17.tsv:md5,91817c9437fc368e1ffee3f11a9de9dc",
                "sample2_variants.chr18.tsv:md5,54b0ed1139816e9f0a5373bec1fb3340",
                "sample2_variants.chr19.tsv:md5,b5f3a9ab41302780e25f7dbcc5f3a84f",
                "sample2_variants.chr2.tsv:md5,7142dae71164919edd6a7456e7cf1fff",
                "sample2_variants.chr20.tsv:md5,91ee8af659818f58d9b48458549777b4",
                "sample2_variants.chr21.tsv:md5,a7fc6de608891615cd7c611e7ba90c79",
                "sample2_variants.chr22.tsv:md5,029af21467b6ade7ec741254ba65324a",
                "sample2_variants.chr3.tsv:md5,d154710ea4e5e51ae14347e8f56820a4",
                "sample2_variants.chr4.tsv:md5,5d84b6b62f0971aaab34b928d8539d88",
                "sample2_variants.chr5.tsv:md5,87ba86fa3884f3d3b238b1b2e02a31ae",
                "sample2_variants.chr6.tsv:md5,4f963311e75941b0a05fc5afc9c3045a",
                "sample2_variants.chr7.tsv:md5,60b24a9020c28bb9a6583db0dfdee4d4",
                "sample2_variants.chr8.tsv:md5,4868ba4bd659e281cbe873ace5a5a7e4",
                "sample2_variants.chr9.tsv:md5,d46ab8c9cba7ae4d4c5dfd6e3dfbc2f9",
                "sample2_variants.chrX.tsv:md5,2c579425804a0e77c5ef901fc30c2fd2",
                "sample1_sample1_variants_chr10_chunk_0_predicted_mhcnuggets.csv:md5,c5542353a60c91eedaa138d51ea16229",
                "sample1_sample1_variants_chr11_chunk_0_predicted_mhcnuggets.csv:md5,7644a31da81f531b29fc80e3259d87d7",
                "sample1_sample1_variants_chr12_chunk_0_predicted_mhcnuggets.csv:md5,22762298d05ee942b6a0ad8a0b755e7e",
                "sample1_sample1_variants_chr13_chunk_0_predicted_mhcnuggets.csv:md5,150a5e2087e9611a2a14aa82f5d4cf4a",
                "sample1_sample1_variants_chr14_chunk_0_predicted_mhcnuggets.csv:md5,e056cd83e11e064b02e845d8d2c79bc2",
                "sample1_sample1_variants_chr15_chunk_0_predicted_mhcnuggets.csv:md5,9f33bd8c08f1800b4b66ef572d732bb7",
                "sample1_sample1_variants_chr16_chunk_0_predicted_mhcnuggets.csv:md5,d01f362c648c20c6ac834db69a21fc4d",
                "sample1_sample1_variants_chr17_chunk_0_predicted_mhcnuggets.csv:md5,13442b8650f2b15224fbe763094d4ef0",
                "sample1_sample1_variants_chr18_chunk_0_predicted_mhcnuggets.csv:md5,d3ae5ab6196e4c9e36d075530545d190",
                "sample1_sample1_variants_chr19_chunk_0_predicted_mhcnuggets.csv:md5,a5e1d47db8b2b364a0c081dfcfba5b17",
                "sample1_sample1_variants_chr1_chunk_0_predicted_mhcnuggets.csv:md5,b1b19f73c20f401d1eae6ec54a37e07b",
                "sample1_sample1_variants_chr20_chunk_0_predicted_mhcnuggets.csv:md5,10fd09dd0753b248ca6c178900396281",
                "sample1_sample1_variants_chr21_chunk_0_predicted_mhcnuggets.csv:md5,c2cc2842ab36928b6a3c4146f3e5821c",
                "sample1_sample1_variants_chr22_chunk_0_predicted_mhcnuggets.csv:md5,26488d959a3bd108cd453ace455b607b",
                "sample1_sample1_variants_chr2_chunk_0_predicted_mhcnuggets.csv:md5,0cfceed22ea59395348dfba2e0511a26",
                "sample1_sample1_variants_chr3_chunk_0_predicted_mhcnuggets.csv:md5,fa6f153e6ff88479cc10c721fbfeed0b",
                "sample1_sample1_variants_chr4_chunk_0_predicted_mhcnuggets.csv:md5,00fc6d15ec0f88b98495c76a6f236c29",
                "sample1_sample1_variants_chr5_chunk_0_predicted_mhcnuggets.csv:md5,93570ffb65132d45b7672866d0156fbc",
                "sample1_sample1_variants_chr6_chunk_0_predicted_mhcnuggets.csv:md5,47afd080d1e545451e47eff0adc3df52",
                "sample1_sample1_variants_chr7_chunk_0_predicted_mhcnuggets.csv:md5,418335cd91d2d460ed72d57acedcf60b",
                "sample1_sample1_variants_chr8_chunk_0_predicted_mhcnuggets.csv:md5,ec36158fa5ef8cfef470e2abb6e2ae65",
                "sample1_sample1_variants_chr9_chunk_0_predicted_mhcnuggets.csv:md5,420789c7571b44a7ef8427c8ad0134d5",
                "sample1_sample1_variants_chrX_chunk_0_predicted_mhcnuggets.csv:md5,459937c363632fd7565a5dc2fa7e9f71",
                "sample2_sample2_variants_chr10_chunk_0_predicted_mhcnuggets.csv:md5,c5542353a60c91eedaa138d51ea16229",
                "sample2_sample2_variants_chr11_chunk_0_predicted_mhcnuggets.csv:md5,7644a31da81f531b29fc80e3259d87d7",
                "sample2_sample2_variants_chr12_chunk_0_predicted_mhcnuggets.csv:md5,22762298d05ee942b6a0ad8a0b755e7e",
                "sample2_sample2_variants_chr13_chunk_0_predicted_mhcnuggets.csv:md5,150a5e2087e9611a2a14aa82f5d4cf4a",
                "sample2_sample2_variants_chr14_chunk_0_predicted_mhcnuggets.csv:md5,e056cd83e11e064b02e845d8d2c79bc2",
                "sample2_sample2_variants_chr15_chunk_0_predicted_mhcnuggets.csv:md5,9f33bd8c08f1800b4b66ef572d732bb7",
                "sample2_sample2_variants_chr16_chunk_0_predicted_mhcnuggets.csv:md5,d01f362c648c20c6ac834db69a21fc4d",
                "sample2_sample2_variants_chr17_chunk_0_predicted_mhcnuggets.csv:md5,13442b8650f2b15224fbe763094d4ef0",
                "sample2_sample2_variants_chr18_chunk_0_predicted_mhcnuggets.csv:md5,d3ae5ab6196e4c9e36d075530545d190",
                "sample2_sample2_variants_chr19_chunk_0_predicted_mhcnuggets.csv:md5,a5e1d47db8b2b364a0c081dfcfba5b17",
                "sample2_sample2_variants_chr1_chunk_0_predicted_mhcnuggets.csv:md5,b1b19f73c20f401d1eae6ec54a37e07b",
                "sample2_sample2_variants_chr20_chunk_0_predicted_mhcnuggets.csv:md5,10fd09dd0753b248ca6c178900396281",
                "sample2_sample2_variants_chr21_chunk_0_predicted_mhcnuggets.csv:md5,c2cc2842ab36928b6a3c4146f3e5821c",
                "sample2_sample2_variants_chr22_chunk_0_predicted_mhcnuggets.csv:md5,26488d959a3bd108cd453ace455b607b",
                "sample2_sample2_variants_chr2_chunk_0_predicted_mhcnuggets.csv:md5,0cfceed22ea59395348dfba2e0511a26",
                "sample2_sample2_variants_chr3_chunk_0_predicted_mhcnuggets.csv:md5,fa6f153e6ff88479cc10c721fbfeed0b",
                "sample2_sample2_variants_chr4_chunk_0_predicted_mhcnuggets.csv:md5,00fc6d15ec0f88b98495c76a6f236c29",
                "sample2_sample2_variants_chr5_chunk_0_predicted_mhcnuggets.csv:md5,93570ffb65132d45b7672866d0156fbc",
                "sample2_sample2_variants_chr6_chunk_0_predicted_mhcnuggets.csv:md5,47afd080d1e545451e47eff0adc3df52",
                "sample2_sample2_variants_chr7_chunk_0_predicted_mhcnuggets.csv:md5,418335cd91d2d460ed72d57acedcf60b",
                "sample2_sample2_variants_chr8_chunk_0_predicted_mhcnuggets.csv:md5,ec36158fa5ef8cfef470e2abb6e2ae65",
                "sample2_sample2_variants_chr9_chunk_0_predicted_mhcnuggets.csv:md5,420789c7571b44a7ef8427c8ad0134d5",
                "sample2_sample2_variants_chrX_chunk_0_predicted_mhcnuggets.csv:md5,459937c363632fd7565a5dc2fa7e9f71",
                "bcftools-stats-subtypes.txt:md5,7ab76edfee1837227a5fd26a07ee4156",
                "bcftools_stats_indel-lengths.txt:md5,0f1a580ed6fc7562efc4899b55b632a2",
                "bcftools_stats_vqc_Count_Indels.txt:md5,08abd7baa06e7f5e4fdcb7aa1808f72e",
                "bcftools_stats_vqc_Count_SNP.txt:md5,692895ea53207e747016ea48d72bd511",
                "bcftools_stats_vqc_Count_Transitions.txt:md5,1fb518cf9d032c9cb35ed08bb010660e",
                "bcftools_stats_vqc_Count_Transversions.txt:md5,e301b8c8760fdd149b2e8924d8f9e9b7",
                "multiqc_bcftools_stats.txt:md5,a3aca1d8f180bbbe0053a9210681ca5a",
                "multiqc_binder_length_distribution.txt:md5,9fbb7555888c124b4458791617ced876",
                "multiqc_binder_rank_distribution.txt:md5,0a6ab01f856c295e45128c0d0e58fd6e",
                "multiqc_binding_affinity_distribution.txt:md5,50cb7bb5538c048505e073838340d14c",
                "multiqc_citations.txt:md5,5cbab4ecbe14049d965fd97bd61d252b",
                "multiqc_general_stats.txt:md5,a2861dfd886f449d522e37c92889a474",
                "multiqc_peptide_binding_prediction_stats.txt:md5,a6ae4c99a2f2a4bb158f3f6f909d24c0",
                "sample1.tsv:md5,3b00d95afa84c1ecbaf14a87b1b56b2b",
                "sample2.tsv:md5,2eaee7c2070bd9522ffc6690f3a52eea"
            ]
        ],
        "meta": {
            "nf-test": "0.9.2",
            "nextflow": "25.04.6"
        },
        "timestamp": "2025-07-22T15:46:03.872617871"
    }
}